**************************************************
Report         : passing_points

Reference      : Ref:/WORK/SYS_TOP
Implementation : Imp:/WORK/SYS_TOP
Version        : L-2016.03-SP1
Date           : Sat Sep 27 08:19:19 2025
**************************************************

353 Passing compare points:

  Ref  LAT        Ref:/WORK/SYS_TOP/U_CLK_GATE/U0_TLATNCAX12M
  Impl LAT        Imp:/WORK/SYS_TOP/U_CLK_GATE/U0_TLATNCAX12M

  Ref  DFF        Ref:/WORK/SYS_TOP/Clk_Div_RX_Prescale/count_reg[0]
  Impl DFF        Imp:/WORK/SYS_TOP/Clk_Div_RX_Prescale/count_reg[0]

  Ref  DFF        Ref:/WORK/SYS_TOP/Clk_Div_RX_Prescale/count_reg[1]
  Impl DFF        Imp:/WORK/SYS_TOP/Clk_Div_RX_Prescale/count_reg[1]

  Ref  DFF        Ref:/WORK/SYS_TOP/Clk_Div_RX_Prescale/count_reg[2]
  Impl DFF        Imp:/WORK/SYS_TOP/Clk_Div_RX_Prescale/count_reg[2]

  Ref  DFF        Ref:/WORK/SYS_TOP/Clk_Div_RX_Prescale/count_reg[3]
  Impl DFF        Imp:/WORK/SYS_TOP/Clk_Div_RX_Prescale/count_reg[3]

  Ref  DFF        Ref:/WORK/SYS_TOP/Clk_Div_RX_Prescale/count_reg[4]
  Impl DFF        Imp:/WORK/SYS_TOP/Clk_Div_RX_Prescale/count_reg[4]

  Ref  DFF        Ref:/WORK/SYS_TOP/Clk_Div_RX_Prescale/count_reg[5]
  Impl DFF        Imp:/WORK/SYS_TOP/Clk_Div_RX_Prescale/count_reg[5]

  Ref  DFF        Ref:/WORK/SYS_TOP/Clk_Div_RX_Prescale/count_reg[6]
  Impl DFF        Imp:/WORK/SYS_TOP/Clk_Div_RX_Prescale/count_reg[6]

  Ref  DFF        Ref:/WORK/SYS_TOP/Clk_Div_RX_Prescale/div_clk_reg
  Impl DFF        Imp:/WORK/SYS_TOP/Clk_Div_RX_Prescale/div_clk_reg

  Ref  DFF        Ref:/WORK/SYS_TOP/Clk_Div_RX_Prescale/odd_edge_tog_reg
  Impl DFF        Imp:/WORK/SYS_TOP/Clk_Div_RX_Prescale/odd_edge_tog_reg

  Ref  DFF        Ref:/WORK/SYS_TOP/Clk_Div_TX_CONS/count_reg[0]
  Impl DFF        Imp:/WORK/SYS_TOP/Clk_Div_TX_CONS/count_reg[0]

  Ref  DFF        Ref:/WORK/SYS_TOP/Clk_Div_TX_CONS/count_reg[1]
  Impl DFF        Imp:/WORK/SYS_TOP/Clk_Div_TX_CONS/count_reg[1]

  Ref  DFF        Ref:/WORK/SYS_TOP/Clk_Div_TX_CONS/count_reg[2]
  Impl DFF        Imp:/WORK/SYS_TOP/Clk_Div_TX_CONS/count_reg[2]

  Ref  DFF        Ref:/WORK/SYS_TOP/Clk_Div_TX_CONS/count_reg[3]
  Impl DFF        Imp:/WORK/SYS_TOP/Clk_Div_TX_CONS/count_reg[3]

  Ref  DFF        Ref:/WORK/SYS_TOP/Clk_Div_TX_CONS/count_reg[4]
  Impl DFF        Imp:/WORK/SYS_TOP/Clk_Div_TX_CONS/count_reg[4]

  Ref  DFF        Ref:/WORK/SYS_TOP/Clk_Div_TX_CONS/count_reg[5]
  Impl DFF        Imp:/WORK/SYS_TOP/Clk_Div_TX_CONS/count_reg[5]

  Ref  DFF        Ref:/WORK/SYS_TOP/Clk_Div_TX_CONS/count_reg[6]
  Impl DFF        Imp:/WORK/SYS_TOP/Clk_Div_TX_CONS/count_reg[6]

  Ref  DFF        Ref:/WORK/SYS_TOP/Clk_Div_TX_CONS/div_clk_reg
  Impl DFF        Imp:/WORK/SYS_TOP/Clk_Div_TX_CONS/div_clk_reg

  Ref  DFF        Ref:/WORK/SYS_TOP/Clk_Div_TX_CONS/odd_edge_tog_reg
  Impl DFF        Imp:/WORK/SYS_TOP/Clk_Div_TX_CONS/odd_edge_tog_reg

  Ref  DFF        Ref:/WORK/SYS_TOP/DATA_sync_ref/bit_sync_reg_reg[0]
  Impl DFF        Imp:/WORK/SYS_TOP/DATA_sync_ref/bit_sync_reg_reg[0]

  Ref  DFF        Ref:/WORK/SYS_TOP/DATA_sync_ref/bit_sync_reg_reg[1]
  Impl DFF        Imp:/WORK/SYS_TOP/DATA_sync_ref/bit_sync_reg_reg[1]

  Ref  DFF        Ref:/WORK/SYS_TOP/DATA_sync_ref/enable_pulse_reg
  Impl DFF        Imp:/WORK/SYS_TOP/DATA_sync_ref/enable_pulse_reg

  Ref  DFF        Ref:/WORK/SYS_TOP/DATA_sync_ref/pulse_gen_reg_reg
  Impl DFF        Imp:/WORK/SYS_TOP/DATA_sync_ref/pulse_gen_reg_reg

  Ref  DFF        Ref:/WORK/SYS_TOP/DATA_sync_ref/sync_bus_reg[0]
  Impl DFF        Imp:/WORK/SYS_TOP/DATA_sync_ref/sync_bus_reg[0]

  Ref  DFF        Ref:/WORK/SYS_TOP/DATA_sync_ref/sync_bus_reg[1]
  Impl DFF        Imp:/WORK/SYS_TOP/DATA_sync_ref/sync_bus_reg[1]

  Ref  DFF        Ref:/WORK/SYS_TOP/DATA_sync_ref/sync_bus_reg[2]
  Impl DFF        Imp:/WORK/SYS_TOP/DATA_sync_ref/sync_bus_reg[2]

  Ref  DFF        Ref:/WORK/SYS_TOP/DATA_sync_ref/sync_bus_reg[3]
  Impl DFF        Imp:/WORK/SYS_TOP/DATA_sync_ref/sync_bus_reg[3]

  Ref  DFF        Ref:/WORK/SYS_TOP/DATA_sync_ref/sync_bus_reg[4]
  Impl DFF        Imp:/WORK/SYS_TOP/DATA_sync_ref/sync_bus_reg[4]

  Ref  DFF        Ref:/WORK/SYS_TOP/DATA_sync_ref/sync_bus_reg[5]
  Impl DFF        Imp:/WORK/SYS_TOP/DATA_sync_ref/sync_bus_reg[5]

  Ref  DFF        Ref:/WORK/SYS_TOP/DATA_sync_ref/sync_bus_reg[6]
  Impl DFF        Imp:/WORK/SYS_TOP/DATA_sync_ref/sync_bus_reg[6]

  Ref  DFF        Ref:/WORK/SYS_TOP/DATA_sync_ref/sync_bus_reg[7]
  Impl DFF        Imp:/WORK/SYS_TOP/DATA_sync_ref/sync_bus_reg[7]

  Ref  DFF        Ref:/WORK/SYS_TOP/REF_RST_SYNC/sync_reg_reg[0]
  Impl DFF        Imp:/WORK/SYS_TOP/REF_RST_SYNC/sync_reg_reg[0]

  Ref  DFF        Ref:/WORK/SYS_TOP/REF_RST_SYNC/sync_reg_reg[1]
  Impl DFF        Imp:/WORK/SYS_TOP/REF_RST_SYNC/sync_reg_reg[1]

  Ref  DFF        Ref:/WORK/SYS_TOP/UART/U_UART_RX/U1/bit_cnt_reg[0]
  Impl DFF        Imp:/WORK/SYS_TOP/UART/U_UART_RX/U1/bit_cnt_reg[0]

  Ref  DFF        Ref:/WORK/SYS_TOP/UART/U_UART_RX/U1/bit_cnt_reg[1]
  Impl DFF        Imp:/WORK/SYS_TOP/UART/U_UART_RX/U1/bit_cnt_reg[1]

  Ref  DFF        Ref:/WORK/SYS_TOP/UART/U_UART_RX/U1/bit_cnt_reg[2]
  Impl DFF        Imp:/WORK/SYS_TOP/UART/U_UART_RX/U1/bit_cnt_reg[2]

  Ref  DFF        Ref:/WORK/SYS_TOP/UART/U_UART_RX/U1/bit_cnt_reg[3]
  Impl DFF        Imp:/WORK/SYS_TOP/UART/U_UART_RX/U1/bit_cnt_reg[3]

  Ref  DFF        Ref:/WORK/SYS_TOP/UART/U_UART_RX/U1/edge_cnt_reg[0]
  Impl DFF        Imp:/WORK/SYS_TOP/UART/U_UART_RX/U1/edge_cnt_reg[0]

  Ref  DFF        Ref:/WORK/SYS_TOP/UART/U_UART_RX/U1/edge_cnt_reg[1]
  Impl DFF        Imp:/WORK/SYS_TOP/UART/U_UART_RX/U1/edge_cnt_reg[1]

  Ref  DFF        Ref:/WORK/SYS_TOP/UART/U_UART_RX/U1/edge_cnt_reg[2]
  Impl DFF        Imp:/WORK/SYS_TOP/UART/U_UART_RX/U1/edge_cnt_reg[2]

  Ref  DFF        Ref:/WORK/SYS_TOP/UART/U_UART_RX/U1/edge_cnt_reg[3]
  Impl DFF        Imp:/WORK/SYS_TOP/UART/U_UART_RX/U1/edge_cnt_reg[3]

  Ref  DFF        Ref:/WORK/SYS_TOP/UART/U_UART_RX/U1/edge_cnt_reg[4]
  Impl DFF        Imp:/WORK/SYS_TOP/UART/U_UART_RX/U1/edge_cnt_reg[4]

  Ref  DFF        Ref:/WORK/SYS_TOP/UART/U_UART_RX/U1/edge_cnt_reg[5]
  Impl DFF        Imp:/WORK/SYS_TOP/UART/U_UART_RX/U1/edge_cnt_reg[5]

  Ref  DFF        Ref:/WORK/SYS_TOP/UART/U_UART_RX/U2/P_DATA_reg[0]
  Impl DFF        Imp:/WORK/SYS_TOP/UART/U_UART_RX/U2/P_DATA_reg[0]

  Ref  DFF        Ref:/WORK/SYS_TOP/UART/U_UART_RX/U2/P_DATA_reg[1]
  Impl DFF        Imp:/WORK/SYS_TOP/UART/U_UART_RX/U2/P_DATA_reg[1]

  Ref  DFF        Ref:/WORK/SYS_TOP/UART/U_UART_RX/U2/P_DATA_reg[2]
  Impl DFF        Imp:/WORK/SYS_TOP/UART/U_UART_RX/U2/P_DATA_reg[2]

  Ref  DFF        Ref:/WORK/SYS_TOP/UART/U_UART_RX/U2/P_DATA_reg[3]
  Impl DFF        Imp:/WORK/SYS_TOP/UART/U_UART_RX/U2/P_DATA_reg[3]

  Ref  DFF        Ref:/WORK/SYS_TOP/UART/U_UART_RX/U2/P_DATA_reg[4]
  Impl DFF        Imp:/WORK/SYS_TOP/UART/U_UART_RX/U2/P_DATA_reg[4]

  Ref  DFF        Ref:/WORK/SYS_TOP/UART/U_UART_RX/U2/P_DATA_reg[5]
  Impl DFF        Imp:/WORK/SYS_TOP/UART/U_UART_RX/U2/P_DATA_reg[5]

  Ref  DFF        Ref:/WORK/SYS_TOP/UART/U_UART_RX/U2/P_DATA_reg[6]
  Impl DFF        Imp:/WORK/SYS_TOP/UART/U_UART_RX/U2/P_DATA_reg[6]

  Ref  DFF        Ref:/WORK/SYS_TOP/UART/U_UART_RX/U2/P_DATA_reg[7]
  Impl DFF        Imp:/WORK/SYS_TOP/UART/U_UART_RX/U2/P_DATA_reg[7]

  Ref  DFF        Ref:/WORK/SYS_TOP/UART/U_UART_RX/U3/start_glitch_reg
  Impl DFF        Imp:/WORK/SYS_TOP/UART/U_UART_RX/U3/start_glitch_reg

  Ref  DFF        Ref:/WORK/SYS_TOP/UART/U_UART_RX/U4/stop_err_reg
  Impl DFF        Imp:/WORK/SYS_TOP/UART/U_UART_RX/U4/stop_err_reg

  Ref  DFF        Ref:/WORK/SYS_TOP/UART/U_UART_RX/U5/par_err_reg
  Impl DFF        Imp:/WORK/SYS_TOP/UART/U_UART_RX/U5/par_err_reg

  Ref  DFF        Ref:/WORK/SYS_TOP/UART/U_UART_RX/U6/sample_1_reg
  Impl DFF        Imp:/WORK/SYS_TOP/UART/U_UART_RX/U6/sample_1_reg

  Ref  DFF        Ref:/WORK/SYS_TOP/UART/U_UART_RX/U6/sample_2_reg
  Impl DFF        Imp:/WORK/SYS_TOP/UART/U_UART_RX/U6/sample_2_reg

  Ref  DFF        Ref:/WORK/SYS_TOP/UART/U_UART_RX/U6/sample_3_reg
  Impl DFF        Imp:/WORK/SYS_TOP/UART/U_UART_RX/U6/sample_3_reg

  Ref  DFF        Ref:/WORK/SYS_TOP/UART/U_UART_RX/U6/sampled_bit_reg
  Impl DFF        Imp:/WORK/SYS_TOP/UART/U_UART_RX/U6/sampled_bit_reg

  Ref  DFF        Ref:/WORK/SYS_TOP/UART/U_UART_RX/U6/sampled_bit_valid_reg
  Impl DFF        Imp:/WORK/SYS_TOP/UART/U_UART_RX/U6/sampled_bit_valid_reg

  Ref  DFF        Ref:/WORK/SYS_TOP/UART/U_UART_RX/U7/current_state_reg[0]
  Impl DFF        Imp:/WORK/SYS_TOP/UART/U_UART_RX/U7/current_state_reg[0]

  Ref  DFF        Ref:/WORK/SYS_TOP/UART/U_UART_RX/U7/current_state_reg[1]
  Impl DFF        Imp:/WORK/SYS_TOP/UART/U_UART_RX/U7/current_state_reg[1]

  Ref  DFF        Ref:/WORK/SYS_TOP/UART/U_UART_RX/U7/current_state_reg[2]
  Impl DFF        Imp:/WORK/SYS_TOP/UART/U_UART_RX/U7/current_state_reg[2]

  Ref  DFF        Ref:/WORK/SYS_TOP/UART/U_UART_TX/U1/SER_DONE_reg
  Impl DFF        Imp:/WORK/SYS_TOP/UART/U_UART_TX/U1/SER_DONE_reg

  Ref  DFF        Ref:/WORK/SYS_TOP/UART/U_UART_TX/U1/counter_reg[0]
  Impl DFF        Imp:/WORK/SYS_TOP/UART/U_UART_TX/U1/counter_reg[0]

  Ref  DFF        Ref:/WORK/SYS_TOP/UART/U_UART_TX/U1/counter_reg[1]
  Impl DFF        Imp:/WORK/SYS_TOP/UART/U_UART_TX/U1/counter_reg[1]

  Ref  DFF        Ref:/WORK/SYS_TOP/UART/U_UART_TX/U1/counter_reg[2]
  Impl DFF        Imp:/WORK/SYS_TOP/UART/U_UART_TX/U1/counter_reg[2]

  Ref  DFF        Ref:/WORK/SYS_TOP/UART/U_UART_TX/U1/register_reg[0]
  Impl DFF        Imp:/WORK/SYS_TOP/UART/U_UART_TX/U1/register_reg[0]

  Ref  DFF        Ref:/WORK/SYS_TOP/UART/U_UART_TX/U1/register_reg[1]
  Impl DFF        Imp:/WORK/SYS_TOP/UART/U_UART_TX/U1/register_reg[1]

  Ref  DFF        Ref:/WORK/SYS_TOP/UART/U_UART_TX/U1/register_reg[2]
  Impl DFF        Imp:/WORK/SYS_TOP/UART/U_UART_TX/U1/register_reg[2]

  Ref  DFF        Ref:/WORK/SYS_TOP/UART/U_UART_TX/U1/register_reg[3]
  Impl DFF        Imp:/WORK/SYS_TOP/UART/U_UART_TX/U1/register_reg[3]

  Ref  DFF        Ref:/WORK/SYS_TOP/UART/U_UART_TX/U1/register_reg[4]
  Impl DFF        Imp:/WORK/SYS_TOP/UART/U_UART_TX/U1/register_reg[4]

  Ref  DFF        Ref:/WORK/SYS_TOP/UART/U_UART_TX/U1/register_reg[5]
  Impl DFF        Imp:/WORK/SYS_TOP/UART/U_UART_TX/U1/register_reg[5]

  Ref  DFF        Ref:/WORK/SYS_TOP/UART/U_UART_TX/U1/register_reg[6]
  Impl DFF        Imp:/WORK/SYS_TOP/UART/U_UART_TX/U1/register_reg[6]

  Ref  DFF        Ref:/WORK/SYS_TOP/UART/U_UART_TX/U1/ser_data_reg
  Impl DFF        Imp:/WORK/SYS_TOP/UART/U_UART_TX/U1/ser_data_reg

  Ref  DFF        Ref:/WORK/SYS_TOP/UART/U_UART_TX/U2/BUSY_reg
  Impl DFF        Imp:/WORK/SYS_TOP/UART/U_UART_TX/U2/BUSY_reg

  Ref  DFF        Ref:/WORK/SYS_TOP/UART/U_UART_TX/U2/current_state_reg[0]
  Impl DFF        Imp:/WORK/SYS_TOP/UART/U_UART_TX/U2/current_state_reg[0]

  Ref  DFF        Ref:/WORK/SYS_TOP/UART/U_UART_TX/U2/current_state_reg[1]
  Impl DFF        Imp:/WORK/SYS_TOP/UART/U_UART_TX/U2/current_state_reg[1]

  Ref  DFF        Ref:/WORK/SYS_TOP/UART/U_UART_TX/U2/current_state_reg[2]
  Impl DFF        Imp:/WORK/SYS_TOP/UART/U_UART_TX/U2/current_state_reg[2]

  Ref  DFF        Ref:/WORK/SYS_TOP/UART/U_UART_TX/U3/par_bit_reg
  Impl DFF        Imp:/WORK/SYS_TOP/UART/U_UART_TX/U3/par_bit_reg

  Ref  DFF        Ref:/WORK/SYS_TOP/UART/U_UART_TX/U4/TX_OUT_reg
  Impl DFF        Imp:/WORK/SYS_TOP/UART/U_UART_TX/U4/TX_OUT_reg

  Ref  DFF        Ref:/WORK/SYS_TOP/UART_RST_SYNC/sync_reg_reg[0]
  Impl DFF        Imp:/WORK/SYS_TOP/UART_RST_SYNC/sync_reg_reg[0]

  Ref  DFF        Ref:/WORK/SYS_TOP/UART_RST_SYNC/sync_reg_reg[1]
  Impl DFF        Imp:/WORK/SYS_TOP/UART_RST_SYNC/sync_reg_reg[1]

  Ref  DFF        Ref:/WORK/SYS_TOP/U_ALU/ALU_OUT_reg[0]
  Impl DFF        Imp:/WORK/SYS_TOP/U_ALU/ALU_OUT_reg[0]

  Ref  DFF        Ref:/WORK/SYS_TOP/U_ALU/ALU_OUT_reg[10]
  Impl DFF        Imp:/WORK/SYS_TOP/U_ALU/ALU_OUT_reg[10]

  Ref  DFF        Ref:/WORK/SYS_TOP/U_ALU/ALU_OUT_reg[11]
  Impl DFF        Imp:/WORK/SYS_TOP/U_ALU/ALU_OUT_reg[11]

  Ref  DFF        Ref:/WORK/SYS_TOP/U_ALU/ALU_OUT_reg[12]
  Impl DFF        Imp:/WORK/SYS_TOP/U_ALU/ALU_OUT_reg[12]

  Ref  DFF        Ref:/WORK/SYS_TOP/U_ALU/ALU_OUT_reg[13]
  Impl DFF        Imp:/WORK/SYS_TOP/U_ALU/ALU_OUT_reg[13]

  Ref  DFF        Ref:/WORK/SYS_TOP/U_ALU/ALU_OUT_reg[14]
  Impl DFF        Imp:/WORK/SYS_TOP/U_ALU/ALU_OUT_reg[14]

  Ref  DFF        Ref:/WORK/SYS_TOP/U_ALU/ALU_OUT_reg[15]
  Impl DFF        Imp:/WORK/SYS_TOP/U_ALU/ALU_OUT_reg[15]

  Ref  DFF        Ref:/WORK/SYS_TOP/U_ALU/ALU_OUT_reg[1]
  Impl DFF        Imp:/WORK/SYS_TOP/U_ALU/ALU_OUT_reg[1]

  Ref  DFF        Ref:/WORK/SYS_TOP/U_ALU/ALU_OUT_reg[2]
  Impl DFF        Imp:/WORK/SYS_TOP/U_ALU/ALU_OUT_reg[2]

  Ref  DFF        Ref:/WORK/SYS_TOP/U_ALU/ALU_OUT_reg[3]
  Impl DFF        Imp:/WORK/SYS_TOP/U_ALU/ALU_OUT_reg[3]

  Ref  DFF        Ref:/WORK/SYS_TOP/U_ALU/ALU_OUT_reg[4]
  Impl DFF        Imp:/WORK/SYS_TOP/U_ALU/ALU_OUT_reg[4]

  Ref  DFF        Ref:/WORK/SYS_TOP/U_ALU/ALU_OUT_reg[5]
  Impl DFF        Imp:/WORK/SYS_TOP/U_ALU/ALU_OUT_reg[5]

  Ref  DFF        Ref:/WORK/SYS_TOP/U_ALU/ALU_OUT_reg[6]
  Impl DFF        Imp:/WORK/SYS_TOP/U_ALU/ALU_OUT_reg[6]

  Ref  DFF        Ref:/WORK/SYS_TOP/U_ALU/ALU_OUT_reg[7]
  Impl DFF        Imp:/WORK/SYS_TOP/U_ALU/ALU_OUT_reg[7]

  Ref  DFF        Ref:/WORK/SYS_TOP/U_ALU/ALU_OUT_reg[8]
  Impl DFF        Imp:/WORK/SYS_TOP/U_ALU/ALU_OUT_reg[8]

  Ref  DFF        Ref:/WORK/SYS_TOP/U_ALU/ALU_OUT_reg[9]
  Impl DFF        Imp:/WORK/SYS_TOP/U_ALU/ALU_OUT_reg[9]

  Ref  DFF        Ref:/WORK/SYS_TOP/U_ALU/OUT_VALID_reg
  Impl DFF        Imp:/WORK/SYS_TOP/U_ALU/OUT_VALID_reg

  Ref  DFF        Ref:/WORK/SYS_TOP/U_FIFO/BIT_SYNC_R_TO_W/sync_reg_reg[0][0]
  Impl DFF        Imp:/WORK/SYS_TOP/U_FIFO/BIT_SYNC_R_TO_W/sync_reg_reg[0][0]

  Ref  DFF        Ref:/WORK/SYS_TOP/U_FIFO/BIT_SYNC_R_TO_W/sync_reg_reg[0][1]
  Impl DFF        Imp:/WORK/SYS_TOP/U_FIFO/BIT_SYNC_R_TO_W/sync_reg_reg[0][1]

  Ref  DFF        Ref:/WORK/SYS_TOP/U_FIFO/BIT_SYNC_R_TO_W/sync_reg_reg[1][0]
  Impl DFF        Imp:/WORK/SYS_TOP/U_FIFO/BIT_SYNC_R_TO_W/sync_reg_reg[1][0]

  Ref  DFF        Ref:/WORK/SYS_TOP/U_FIFO/BIT_SYNC_R_TO_W/sync_reg_reg[1][1]
  Impl DFF        Imp:/WORK/SYS_TOP/U_FIFO/BIT_SYNC_R_TO_W/sync_reg_reg[1][1]

  Ref  DFF        Ref:/WORK/SYS_TOP/U_FIFO/BIT_SYNC_R_TO_W/sync_reg_reg[2][0]
  Impl DFF        Imp:/WORK/SYS_TOP/U_FIFO/BIT_SYNC_R_TO_W/sync_reg_reg[2][0]

  Ref  DFF        Ref:/WORK/SYS_TOP/U_FIFO/BIT_SYNC_R_TO_W/sync_reg_reg[2][1]
  Impl DFF        Imp:/WORK/SYS_TOP/U_FIFO/BIT_SYNC_R_TO_W/sync_reg_reg[2][1]

  Ref  DFF        Ref:/WORK/SYS_TOP/U_FIFO/BIT_SYNC_R_TO_W/sync_reg_reg[3][0]
  Impl DFF        Imp:/WORK/SYS_TOP/U_FIFO/BIT_SYNC_R_TO_W/sync_reg_reg[3][0]

  Ref  DFF        Ref:/WORK/SYS_TOP/U_FIFO/BIT_SYNC_R_TO_W/sync_reg_reg[3][1]
  Impl DFF        Imp:/WORK/SYS_TOP/U_FIFO/BIT_SYNC_R_TO_W/sync_reg_reg[3][1]

  Ref  DFF        Ref:/WORK/SYS_TOP/U_FIFO/BIT_SYNC_W_TO_R/sync_reg_reg[0][0]
  Impl DFF        Imp:/WORK/SYS_TOP/U_FIFO/BIT_SYNC_W_TO_R/sync_reg_reg[0][0]

  Ref  DFF        Ref:/WORK/SYS_TOP/U_FIFO/BIT_SYNC_W_TO_R/sync_reg_reg[0][1]
  Impl DFF        Imp:/WORK/SYS_TOP/U_FIFO/BIT_SYNC_W_TO_R/sync_reg_reg[0][1]

  Ref  DFF        Ref:/WORK/SYS_TOP/U_FIFO/BIT_SYNC_W_TO_R/sync_reg_reg[1][0]
  Impl DFF        Imp:/WORK/SYS_TOP/U_FIFO/BIT_SYNC_W_TO_R/sync_reg_reg[1][0]

  Ref  DFF        Ref:/WORK/SYS_TOP/U_FIFO/BIT_SYNC_W_TO_R/sync_reg_reg[1][1]
  Impl DFF        Imp:/WORK/SYS_TOP/U_FIFO/BIT_SYNC_W_TO_R/sync_reg_reg[1][1]

  Ref  DFF        Ref:/WORK/SYS_TOP/U_FIFO/BIT_SYNC_W_TO_R/sync_reg_reg[2][0]
  Impl DFF        Imp:/WORK/SYS_TOP/U_FIFO/BIT_SYNC_W_TO_R/sync_reg_reg[2][0]

  Ref  DFF        Ref:/WORK/SYS_TOP/U_FIFO/BIT_SYNC_W_TO_R/sync_reg_reg[2][1]
  Impl DFF        Imp:/WORK/SYS_TOP/U_FIFO/BIT_SYNC_W_TO_R/sync_reg_reg[2][1]

  Ref  DFF        Ref:/WORK/SYS_TOP/U_FIFO/BIT_SYNC_W_TO_R/sync_reg_reg[3][0]
  Impl DFF        Imp:/WORK/SYS_TOP/U_FIFO/BIT_SYNC_W_TO_R/sync_reg_reg[3][0]

  Ref  DFF        Ref:/WORK/SYS_TOP/U_FIFO/BIT_SYNC_W_TO_R/sync_reg_reg[3][1]
  Impl DFF        Imp:/WORK/SYS_TOP/U_FIFO/BIT_SYNC_W_TO_R/sync_reg_reg[3][1]

  Ref  DFF        Ref:/WORK/SYS_TOP/U_FIFO/MEMORY_MODULE/MEMORY_reg[0][0]
  Impl DFF        Imp:/WORK/SYS_TOP/U_FIFO/MEMORY_MODULE/MEMORY_reg[0][0]

  Ref  DFF        Ref:/WORK/SYS_TOP/U_FIFO/MEMORY_MODULE/MEMORY_reg[0][1]
  Impl DFF        Imp:/WORK/SYS_TOP/U_FIFO/MEMORY_MODULE/MEMORY_reg[0][1]

  Ref  DFF        Ref:/WORK/SYS_TOP/U_FIFO/MEMORY_MODULE/MEMORY_reg[0][2]
  Impl DFF        Imp:/WORK/SYS_TOP/U_FIFO/MEMORY_MODULE/MEMORY_reg[0][2]

  Ref  DFF        Ref:/WORK/SYS_TOP/U_FIFO/MEMORY_MODULE/MEMORY_reg[0][3]
  Impl DFF        Imp:/WORK/SYS_TOP/U_FIFO/MEMORY_MODULE/MEMORY_reg[0][3]

  Ref  DFF        Ref:/WORK/SYS_TOP/U_FIFO/MEMORY_MODULE/MEMORY_reg[0][4]
  Impl DFF        Imp:/WORK/SYS_TOP/U_FIFO/MEMORY_MODULE/MEMORY_reg[0][4]

  Ref  DFF        Ref:/WORK/SYS_TOP/U_FIFO/MEMORY_MODULE/MEMORY_reg[0][5]
  Impl DFF        Imp:/WORK/SYS_TOP/U_FIFO/MEMORY_MODULE/MEMORY_reg[0][5]

  Ref  DFF        Ref:/WORK/SYS_TOP/U_FIFO/MEMORY_MODULE/MEMORY_reg[0][6]
  Impl DFF        Imp:/WORK/SYS_TOP/U_FIFO/MEMORY_MODULE/MEMORY_reg[0][6]

  Ref  DFF        Ref:/WORK/SYS_TOP/U_FIFO/MEMORY_MODULE/MEMORY_reg[0][7]
  Impl DFF        Imp:/WORK/SYS_TOP/U_FIFO/MEMORY_MODULE/MEMORY_reg[0][7]

  Ref  DFF        Ref:/WORK/SYS_TOP/U_FIFO/MEMORY_MODULE/MEMORY_reg[1][0]
  Impl DFF        Imp:/WORK/SYS_TOP/U_FIFO/MEMORY_MODULE/MEMORY_reg[1][0]

  Ref  DFF        Ref:/WORK/SYS_TOP/U_FIFO/MEMORY_MODULE/MEMORY_reg[1][1]
  Impl DFF        Imp:/WORK/SYS_TOP/U_FIFO/MEMORY_MODULE/MEMORY_reg[1][1]

  Ref  DFF        Ref:/WORK/SYS_TOP/U_FIFO/MEMORY_MODULE/MEMORY_reg[1][2]
  Impl DFF        Imp:/WORK/SYS_TOP/U_FIFO/MEMORY_MODULE/MEMORY_reg[1][2]

  Ref  DFF        Ref:/WORK/SYS_TOP/U_FIFO/MEMORY_MODULE/MEMORY_reg[1][3]
  Impl DFF        Imp:/WORK/SYS_TOP/U_FIFO/MEMORY_MODULE/MEMORY_reg[1][3]

  Ref  DFF        Ref:/WORK/SYS_TOP/U_FIFO/MEMORY_MODULE/MEMORY_reg[1][4]
  Impl DFF        Imp:/WORK/SYS_TOP/U_FIFO/MEMORY_MODULE/MEMORY_reg[1][4]

  Ref  DFF        Ref:/WORK/SYS_TOP/U_FIFO/MEMORY_MODULE/MEMORY_reg[1][5]
  Impl DFF        Imp:/WORK/SYS_TOP/U_FIFO/MEMORY_MODULE/MEMORY_reg[1][5]

  Ref  DFF        Ref:/WORK/SYS_TOP/U_FIFO/MEMORY_MODULE/MEMORY_reg[1][6]
  Impl DFF        Imp:/WORK/SYS_TOP/U_FIFO/MEMORY_MODULE/MEMORY_reg[1][6]

  Ref  DFF        Ref:/WORK/SYS_TOP/U_FIFO/MEMORY_MODULE/MEMORY_reg[1][7]
  Impl DFF        Imp:/WORK/SYS_TOP/U_FIFO/MEMORY_MODULE/MEMORY_reg[1][7]

  Ref  DFF        Ref:/WORK/SYS_TOP/U_FIFO/MEMORY_MODULE/MEMORY_reg[2][0]
  Impl DFF        Imp:/WORK/SYS_TOP/U_FIFO/MEMORY_MODULE/MEMORY_reg[2][0]

  Ref  DFF        Ref:/WORK/SYS_TOP/U_FIFO/MEMORY_MODULE/MEMORY_reg[2][1]
  Impl DFF        Imp:/WORK/SYS_TOP/U_FIFO/MEMORY_MODULE/MEMORY_reg[2][1]

  Ref  DFF        Ref:/WORK/SYS_TOP/U_FIFO/MEMORY_MODULE/MEMORY_reg[2][2]
  Impl DFF        Imp:/WORK/SYS_TOP/U_FIFO/MEMORY_MODULE/MEMORY_reg[2][2]

  Ref  DFF        Ref:/WORK/SYS_TOP/U_FIFO/MEMORY_MODULE/MEMORY_reg[2][3]
  Impl DFF        Imp:/WORK/SYS_TOP/U_FIFO/MEMORY_MODULE/MEMORY_reg[2][3]

  Ref  DFF        Ref:/WORK/SYS_TOP/U_FIFO/MEMORY_MODULE/MEMORY_reg[2][4]
  Impl DFF        Imp:/WORK/SYS_TOP/U_FIFO/MEMORY_MODULE/MEMORY_reg[2][4]

  Ref  DFF        Ref:/WORK/SYS_TOP/U_FIFO/MEMORY_MODULE/MEMORY_reg[2][5]
  Impl DFF        Imp:/WORK/SYS_TOP/U_FIFO/MEMORY_MODULE/MEMORY_reg[2][5]

  Ref  DFF        Ref:/WORK/SYS_TOP/U_FIFO/MEMORY_MODULE/MEMORY_reg[2][6]
  Impl DFF        Imp:/WORK/SYS_TOP/U_FIFO/MEMORY_MODULE/MEMORY_reg[2][6]

  Ref  DFF        Ref:/WORK/SYS_TOP/U_FIFO/MEMORY_MODULE/MEMORY_reg[2][7]
  Impl DFF        Imp:/WORK/SYS_TOP/U_FIFO/MEMORY_MODULE/MEMORY_reg[2][7]

  Ref  DFF        Ref:/WORK/SYS_TOP/U_FIFO/MEMORY_MODULE/MEMORY_reg[3][0]
  Impl DFF        Imp:/WORK/SYS_TOP/U_FIFO/MEMORY_MODULE/MEMORY_reg[3][0]

  Ref  DFF        Ref:/WORK/SYS_TOP/U_FIFO/MEMORY_MODULE/MEMORY_reg[3][1]
  Impl DFF        Imp:/WORK/SYS_TOP/U_FIFO/MEMORY_MODULE/MEMORY_reg[3][1]

  Ref  DFF        Ref:/WORK/SYS_TOP/U_FIFO/MEMORY_MODULE/MEMORY_reg[3][2]
  Impl DFF        Imp:/WORK/SYS_TOP/U_FIFO/MEMORY_MODULE/MEMORY_reg[3][2]

  Ref  DFF        Ref:/WORK/SYS_TOP/U_FIFO/MEMORY_MODULE/MEMORY_reg[3][3]
  Impl DFF        Imp:/WORK/SYS_TOP/U_FIFO/MEMORY_MODULE/MEMORY_reg[3][3]

  Ref  DFF        Ref:/WORK/SYS_TOP/U_FIFO/MEMORY_MODULE/MEMORY_reg[3][4]
  Impl DFF        Imp:/WORK/SYS_TOP/U_FIFO/MEMORY_MODULE/MEMORY_reg[3][4]

  Ref  DFF        Ref:/WORK/SYS_TOP/U_FIFO/MEMORY_MODULE/MEMORY_reg[3][5]
  Impl DFF        Imp:/WORK/SYS_TOP/U_FIFO/MEMORY_MODULE/MEMORY_reg[3][5]

  Ref  DFF        Ref:/WORK/SYS_TOP/U_FIFO/MEMORY_MODULE/MEMORY_reg[3][6]
  Impl DFF        Imp:/WORK/SYS_TOP/U_FIFO/MEMORY_MODULE/MEMORY_reg[3][6]

  Ref  DFF        Ref:/WORK/SYS_TOP/U_FIFO/MEMORY_MODULE/MEMORY_reg[3][7]
  Impl DFF        Imp:/WORK/SYS_TOP/U_FIFO/MEMORY_MODULE/MEMORY_reg[3][7]

  Ref  DFF        Ref:/WORK/SYS_TOP/U_FIFO/MEMORY_MODULE/MEMORY_reg[4][0]
  Impl DFF        Imp:/WORK/SYS_TOP/U_FIFO/MEMORY_MODULE/MEMORY_reg[4][0]

  Ref  DFF        Ref:/WORK/SYS_TOP/U_FIFO/MEMORY_MODULE/MEMORY_reg[4][1]
  Impl DFF        Imp:/WORK/SYS_TOP/U_FIFO/MEMORY_MODULE/MEMORY_reg[4][1]

  Ref  DFF        Ref:/WORK/SYS_TOP/U_FIFO/MEMORY_MODULE/MEMORY_reg[4][2]
  Impl DFF        Imp:/WORK/SYS_TOP/U_FIFO/MEMORY_MODULE/MEMORY_reg[4][2]

  Ref  DFF        Ref:/WORK/SYS_TOP/U_FIFO/MEMORY_MODULE/MEMORY_reg[4][3]
  Impl DFF        Imp:/WORK/SYS_TOP/U_FIFO/MEMORY_MODULE/MEMORY_reg[4][3]

  Ref  DFF        Ref:/WORK/SYS_TOP/U_FIFO/MEMORY_MODULE/MEMORY_reg[4][4]
  Impl DFF        Imp:/WORK/SYS_TOP/U_FIFO/MEMORY_MODULE/MEMORY_reg[4][4]

  Ref  DFF        Ref:/WORK/SYS_TOP/U_FIFO/MEMORY_MODULE/MEMORY_reg[4][5]
  Impl DFF        Imp:/WORK/SYS_TOP/U_FIFO/MEMORY_MODULE/MEMORY_reg[4][5]

  Ref  DFF        Ref:/WORK/SYS_TOP/U_FIFO/MEMORY_MODULE/MEMORY_reg[4][6]
  Impl DFF        Imp:/WORK/SYS_TOP/U_FIFO/MEMORY_MODULE/MEMORY_reg[4][6]

  Ref  DFF        Ref:/WORK/SYS_TOP/U_FIFO/MEMORY_MODULE/MEMORY_reg[4][7]
  Impl DFF        Imp:/WORK/SYS_TOP/U_FIFO/MEMORY_MODULE/MEMORY_reg[4][7]

  Ref  DFF        Ref:/WORK/SYS_TOP/U_FIFO/MEMORY_MODULE/MEMORY_reg[5][0]
  Impl DFF        Imp:/WORK/SYS_TOP/U_FIFO/MEMORY_MODULE/MEMORY_reg[5][0]

  Ref  DFF        Ref:/WORK/SYS_TOP/U_FIFO/MEMORY_MODULE/MEMORY_reg[5][1]
  Impl DFF        Imp:/WORK/SYS_TOP/U_FIFO/MEMORY_MODULE/MEMORY_reg[5][1]

  Ref  DFF        Ref:/WORK/SYS_TOP/U_FIFO/MEMORY_MODULE/MEMORY_reg[5][2]
  Impl DFF        Imp:/WORK/SYS_TOP/U_FIFO/MEMORY_MODULE/MEMORY_reg[5][2]

  Ref  DFF        Ref:/WORK/SYS_TOP/U_FIFO/MEMORY_MODULE/MEMORY_reg[5][3]
  Impl DFF        Imp:/WORK/SYS_TOP/U_FIFO/MEMORY_MODULE/MEMORY_reg[5][3]

  Ref  DFF        Ref:/WORK/SYS_TOP/U_FIFO/MEMORY_MODULE/MEMORY_reg[5][4]
  Impl DFF        Imp:/WORK/SYS_TOP/U_FIFO/MEMORY_MODULE/MEMORY_reg[5][4]

  Ref  DFF        Ref:/WORK/SYS_TOP/U_FIFO/MEMORY_MODULE/MEMORY_reg[5][5]
  Impl DFF        Imp:/WORK/SYS_TOP/U_FIFO/MEMORY_MODULE/MEMORY_reg[5][5]

  Ref  DFF        Ref:/WORK/SYS_TOP/U_FIFO/MEMORY_MODULE/MEMORY_reg[5][6]
  Impl DFF        Imp:/WORK/SYS_TOP/U_FIFO/MEMORY_MODULE/MEMORY_reg[5][6]

  Ref  DFF        Ref:/WORK/SYS_TOP/U_FIFO/MEMORY_MODULE/MEMORY_reg[5][7]
  Impl DFF        Imp:/WORK/SYS_TOP/U_FIFO/MEMORY_MODULE/MEMORY_reg[5][7]

  Ref  DFF        Ref:/WORK/SYS_TOP/U_FIFO/MEMORY_MODULE/MEMORY_reg[6][0]
  Impl DFF        Imp:/WORK/SYS_TOP/U_FIFO/MEMORY_MODULE/MEMORY_reg[6][0]

  Ref  DFF        Ref:/WORK/SYS_TOP/U_FIFO/MEMORY_MODULE/MEMORY_reg[6][1]
  Impl DFF        Imp:/WORK/SYS_TOP/U_FIFO/MEMORY_MODULE/MEMORY_reg[6][1]

  Ref  DFF        Ref:/WORK/SYS_TOP/U_FIFO/MEMORY_MODULE/MEMORY_reg[6][2]
  Impl DFF        Imp:/WORK/SYS_TOP/U_FIFO/MEMORY_MODULE/MEMORY_reg[6][2]

  Ref  DFF        Ref:/WORK/SYS_TOP/U_FIFO/MEMORY_MODULE/MEMORY_reg[6][3]
  Impl DFF        Imp:/WORK/SYS_TOP/U_FIFO/MEMORY_MODULE/MEMORY_reg[6][3]

  Ref  DFF        Ref:/WORK/SYS_TOP/U_FIFO/MEMORY_MODULE/MEMORY_reg[6][4]
  Impl DFF        Imp:/WORK/SYS_TOP/U_FIFO/MEMORY_MODULE/MEMORY_reg[6][4]

  Ref  DFF        Ref:/WORK/SYS_TOP/U_FIFO/MEMORY_MODULE/MEMORY_reg[6][5]
  Impl DFF        Imp:/WORK/SYS_TOP/U_FIFO/MEMORY_MODULE/MEMORY_reg[6][5]

  Ref  DFF        Ref:/WORK/SYS_TOP/U_FIFO/MEMORY_MODULE/MEMORY_reg[6][6]
  Impl DFF        Imp:/WORK/SYS_TOP/U_FIFO/MEMORY_MODULE/MEMORY_reg[6][6]

  Ref  DFF        Ref:/WORK/SYS_TOP/U_FIFO/MEMORY_MODULE/MEMORY_reg[6][7]
  Impl DFF        Imp:/WORK/SYS_TOP/U_FIFO/MEMORY_MODULE/MEMORY_reg[6][7]

  Ref  DFF        Ref:/WORK/SYS_TOP/U_FIFO/MEMORY_MODULE/MEMORY_reg[7][0]
  Impl DFF        Imp:/WORK/SYS_TOP/U_FIFO/MEMORY_MODULE/MEMORY_reg[7][0]

  Ref  DFF        Ref:/WORK/SYS_TOP/U_FIFO/MEMORY_MODULE/MEMORY_reg[7][1]
  Impl DFF        Imp:/WORK/SYS_TOP/U_FIFO/MEMORY_MODULE/MEMORY_reg[7][1]

  Ref  DFF        Ref:/WORK/SYS_TOP/U_FIFO/MEMORY_MODULE/MEMORY_reg[7][2]
  Impl DFF        Imp:/WORK/SYS_TOP/U_FIFO/MEMORY_MODULE/MEMORY_reg[7][2]

  Ref  DFF        Ref:/WORK/SYS_TOP/U_FIFO/MEMORY_MODULE/MEMORY_reg[7][3]
  Impl DFF        Imp:/WORK/SYS_TOP/U_FIFO/MEMORY_MODULE/MEMORY_reg[7][3]

  Ref  DFF        Ref:/WORK/SYS_TOP/U_FIFO/MEMORY_MODULE/MEMORY_reg[7][4]
  Impl DFF        Imp:/WORK/SYS_TOP/U_FIFO/MEMORY_MODULE/MEMORY_reg[7][4]

  Ref  DFF        Ref:/WORK/SYS_TOP/U_FIFO/MEMORY_MODULE/MEMORY_reg[7][5]
  Impl DFF        Imp:/WORK/SYS_TOP/U_FIFO/MEMORY_MODULE/MEMORY_reg[7][5]

  Ref  DFF        Ref:/WORK/SYS_TOP/U_FIFO/MEMORY_MODULE/MEMORY_reg[7][6]
  Impl DFF        Imp:/WORK/SYS_TOP/U_FIFO/MEMORY_MODULE/MEMORY_reg[7][6]

  Ref  DFF        Ref:/WORK/SYS_TOP/U_FIFO/MEMORY_MODULE/MEMORY_reg[7][7]
  Impl DFF        Imp:/WORK/SYS_TOP/U_FIFO/MEMORY_MODULE/MEMORY_reg[7][7]

  Ref  DFF        Ref:/WORK/SYS_TOP/U_FIFO/READ_MODULE/GRAY_R_ADD_reg[0]
  Impl DFF        Imp:/WORK/SYS_TOP/U_FIFO/READ_MODULE/GRAY_R_ADD_reg[0]

  Ref  DFF        Ref:/WORK/SYS_TOP/U_FIFO/READ_MODULE/GRAY_R_ADD_reg[1]
  Impl DFF        Imp:/WORK/SYS_TOP/U_FIFO/READ_MODULE/GRAY_R_ADD_reg[1]

  Ref  DFF        Ref:/WORK/SYS_TOP/U_FIFO/READ_MODULE/GRAY_R_ADD_reg[2]
  Impl DFF        Imp:/WORK/SYS_TOP/U_FIFO/READ_MODULE/GRAY_R_ADD_reg[2]

  Ref  DFF        Ref:/WORK/SYS_TOP/U_FIFO/READ_MODULE/GRAY_R_ADD_reg[3]
  Impl DFF        Imp:/WORK/SYS_TOP/U_FIFO/READ_MODULE/GRAY_R_ADD_reg[3]

  Ref  DFF        Ref:/WORK/SYS_TOP/U_FIFO/READ_MODULE/R_ADD_COUNTER_reg[0]
  Impl DFF        Imp:/WORK/SYS_TOP/U_FIFO/READ_MODULE/R_ADD_COUNTER_reg[0]

  Ref  DFF        Ref:/WORK/SYS_TOP/U_FIFO/READ_MODULE/R_ADD_COUNTER_reg[1]
  Impl DFF        Imp:/WORK/SYS_TOP/U_FIFO/READ_MODULE/R_ADD_COUNTER_reg[1]

  Ref  DFF        Ref:/WORK/SYS_TOP/U_FIFO/READ_MODULE/R_ADD_COUNTER_reg[2]
  Impl DFF        Imp:/WORK/SYS_TOP/U_FIFO/READ_MODULE/R_ADD_COUNTER_reg[2]

  Ref  DFF        Ref:/WORK/SYS_TOP/U_FIFO/READ_MODULE/R_ADD_COUNTER_reg[3]
  Impl DFF        Imp:/WORK/SYS_TOP/U_FIFO/READ_MODULE/R_ADD_COUNTER_reg[3]

  Ref  DFF        Ref:/WORK/SYS_TOP/U_FIFO/WRITE_MODULE/ADD_COUNTER_reg[0]
  Impl DFF        Imp:/WORK/SYS_TOP/U_FIFO/WRITE_MODULE/ADD_COUNTER_reg[0]

  Ref  DFF        Ref:/WORK/SYS_TOP/U_FIFO/WRITE_MODULE/ADD_COUNTER_reg[1]
  Impl DFF        Imp:/WORK/SYS_TOP/U_FIFO/WRITE_MODULE/ADD_COUNTER_reg[1]

  Ref  DFF        Ref:/WORK/SYS_TOP/U_FIFO/WRITE_MODULE/ADD_COUNTER_reg[2]
  Impl DFF        Imp:/WORK/SYS_TOP/U_FIFO/WRITE_MODULE/ADD_COUNTER_reg[2]

  Ref  DFF        Ref:/WORK/SYS_TOP/U_FIFO/WRITE_MODULE/ADD_COUNTER_reg[3]
  Impl DFF        Imp:/WORK/SYS_TOP/U_FIFO/WRITE_MODULE/ADD_COUNTER_reg[3]

  Ref  DFF        Ref:/WORK/SYS_TOP/U_FIFO/WRITE_MODULE/GRAY_W_ADD_reg[0]
  Impl DFF        Imp:/WORK/SYS_TOP/U_FIFO/WRITE_MODULE/GRAY_W_ADD_reg[0]

  Ref  DFF        Ref:/WORK/SYS_TOP/U_FIFO/WRITE_MODULE/GRAY_W_ADD_reg[1]
  Impl DFF        Imp:/WORK/SYS_TOP/U_FIFO/WRITE_MODULE/GRAY_W_ADD_reg[1]

  Ref  DFF        Ref:/WORK/SYS_TOP/U_FIFO/WRITE_MODULE/GRAY_W_ADD_reg[2]
  Impl DFF        Imp:/WORK/SYS_TOP/U_FIFO/WRITE_MODULE/GRAY_W_ADD_reg[2]

  Ref  DFF        Ref:/WORK/SYS_TOP/U_FIFO/WRITE_MODULE/GRAY_W_ADD_reg[3]
  Impl DFF        Imp:/WORK/SYS_TOP/U_FIFO/WRITE_MODULE/GRAY_W_ADD_reg[3]

  Ref  DFF        Ref:/WORK/SYS_TOP/U_PULSE_GEN/pulse_flop_reg
  Impl DFF        Imp:/WORK/SYS_TOP/U_PULSE_GEN/pulse_flop_reg

  Ref  DFF        Ref:/WORK/SYS_TOP/U_PULSE_GEN/rcv_flop_reg
  Impl DFF        Imp:/WORK/SYS_TOP/U_PULSE_GEN/rcv_flop_reg

  Ref  DFF        Ref:/WORK/SYS_TOP/U_RegFile/RdData_VLD_reg
  Impl DFF        Imp:/WORK/SYS_TOP/U_RegFile/RdData_VLD_reg

  Ref  DFF        Ref:/WORK/SYS_TOP/U_RegFile/RdData_reg[0]
  Impl DFF        Imp:/WORK/SYS_TOP/U_RegFile/RdData_reg[0]

  Ref  DFF        Ref:/WORK/SYS_TOP/U_RegFile/RdData_reg[1]
  Impl DFF        Imp:/WORK/SYS_TOP/U_RegFile/RdData_reg[1]

  Ref  DFF        Ref:/WORK/SYS_TOP/U_RegFile/RdData_reg[2]
  Impl DFF        Imp:/WORK/SYS_TOP/U_RegFile/RdData_reg[2]

  Ref  DFF        Ref:/WORK/SYS_TOP/U_RegFile/RdData_reg[3]
  Impl DFF        Imp:/WORK/SYS_TOP/U_RegFile/RdData_reg[3]

  Ref  DFF        Ref:/WORK/SYS_TOP/U_RegFile/RdData_reg[4]
  Impl DFF        Imp:/WORK/SYS_TOP/U_RegFile/RdData_reg[4]

  Ref  DFF        Ref:/WORK/SYS_TOP/U_RegFile/RdData_reg[5]
  Impl DFF        Imp:/WORK/SYS_TOP/U_RegFile/RdData_reg[5]

  Ref  DFF        Ref:/WORK/SYS_TOP/U_RegFile/RdData_reg[6]
  Impl DFF        Imp:/WORK/SYS_TOP/U_RegFile/RdData_reg[6]

  Ref  DFF        Ref:/WORK/SYS_TOP/U_RegFile/RdData_reg[7]
  Impl DFF        Imp:/WORK/SYS_TOP/U_RegFile/RdData_reg[7]

  Ref  DFF        Ref:/WORK/SYS_TOP/U_RegFile/regArr_reg[0][0]
  Impl DFF        Imp:/WORK/SYS_TOP/U_RegFile/regArr_reg[0][0]

  Ref  DFF        Ref:/WORK/SYS_TOP/U_RegFile/regArr_reg[0][1]
  Impl DFF        Imp:/WORK/SYS_TOP/U_RegFile/regArr_reg[0][1]

  Ref  DFF        Ref:/WORK/SYS_TOP/U_RegFile/regArr_reg[0][2]
  Impl DFF        Imp:/WORK/SYS_TOP/U_RegFile/regArr_reg[0][2]

  Ref  DFF        Ref:/WORK/SYS_TOP/U_RegFile/regArr_reg[0][3]
  Impl DFF        Imp:/WORK/SYS_TOP/U_RegFile/regArr_reg[0][3]

  Ref  DFF        Ref:/WORK/SYS_TOP/U_RegFile/regArr_reg[0][4]
  Impl DFF        Imp:/WORK/SYS_TOP/U_RegFile/regArr_reg[0][4]

  Ref  DFF        Ref:/WORK/SYS_TOP/U_RegFile/regArr_reg[0][5]
  Impl DFF        Imp:/WORK/SYS_TOP/U_RegFile/regArr_reg[0][5]

  Ref  DFF        Ref:/WORK/SYS_TOP/U_RegFile/regArr_reg[0][6]
  Impl DFF        Imp:/WORK/SYS_TOP/U_RegFile/regArr_reg[0][6]

  Ref  DFF        Ref:/WORK/SYS_TOP/U_RegFile/regArr_reg[0][7]
  Impl DFF        Imp:/WORK/SYS_TOP/U_RegFile/regArr_reg[0][7]

  Ref  DFF        Ref:/WORK/SYS_TOP/U_RegFile/regArr_reg[10][0]
  Impl DFF        Imp:/WORK/SYS_TOP/U_RegFile/regArr_reg[10][0]

  Ref  DFF        Ref:/WORK/SYS_TOP/U_RegFile/regArr_reg[10][1]
  Impl DFF        Imp:/WORK/SYS_TOP/U_RegFile/regArr_reg[10][1]

  Ref  DFF        Ref:/WORK/SYS_TOP/U_RegFile/regArr_reg[10][2]
  Impl DFF        Imp:/WORK/SYS_TOP/U_RegFile/regArr_reg[10][2]

  Ref  DFF        Ref:/WORK/SYS_TOP/U_RegFile/regArr_reg[10][3]
  Impl DFF        Imp:/WORK/SYS_TOP/U_RegFile/regArr_reg[10][3]

  Ref  DFF        Ref:/WORK/SYS_TOP/U_RegFile/regArr_reg[10][4]
  Impl DFF        Imp:/WORK/SYS_TOP/U_RegFile/regArr_reg[10][4]

  Ref  DFF        Ref:/WORK/SYS_TOP/U_RegFile/regArr_reg[10][5]
  Impl DFF        Imp:/WORK/SYS_TOP/U_RegFile/regArr_reg[10][5]

  Ref  DFF        Ref:/WORK/SYS_TOP/U_RegFile/regArr_reg[10][6]
  Impl DFF        Imp:/WORK/SYS_TOP/U_RegFile/regArr_reg[10][6]

  Ref  DFF        Ref:/WORK/SYS_TOP/U_RegFile/regArr_reg[10][7]
  Impl DFF        Imp:/WORK/SYS_TOP/U_RegFile/regArr_reg[10][7]

  Ref  DFF        Ref:/WORK/SYS_TOP/U_RegFile/regArr_reg[11][0]
  Impl DFF        Imp:/WORK/SYS_TOP/U_RegFile/regArr_reg[11][0]

  Ref  DFF        Ref:/WORK/SYS_TOP/U_RegFile/regArr_reg[11][1]
  Impl DFF        Imp:/WORK/SYS_TOP/U_RegFile/regArr_reg[11][1]

  Ref  DFF        Ref:/WORK/SYS_TOP/U_RegFile/regArr_reg[11][2]
  Impl DFF        Imp:/WORK/SYS_TOP/U_RegFile/regArr_reg[11][2]

  Ref  DFF        Ref:/WORK/SYS_TOP/U_RegFile/regArr_reg[11][3]
  Impl DFF        Imp:/WORK/SYS_TOP/U_RegFile/regArr_reg[11][3]

  Ref  DFF        Ref:/WORK/SYS_TOP/U_RegFile/regArr_reg[11][4]
  Impl DFF        Imp:/WORK/SYS_TOP/U_RegFile/regArr_reg[11][4]

  Ref  DFF        Ref:/WORK/SYS_TOP/U_RegFile/regArr_reg[11][5]
  Impl DFF        Imp:/WORK/SYS_TOP/U_RegFile/regArr_reg[11][5]

  Ref  DFF        Ref:/WORK/SYS_TOP/U_RegFile/regArr_reg[11][6]
  Impl DFF        Imp:/WORK/SYS_TOP/U_RegFile/regArr_reg[11][6]

  Ref  DFF        Ref:/WORK/SYS_TOP/U_RegFile/regArr_reg[11][7]
  Impl DFF        Imp:/WORK/SYS_TOP/U_RegFile/regArr_reg[11][7]

  Ref  DFF        Ref:/WORK/SYS_TOP/U_RegFile/regArr_reg[12][0]
  Impl DFF        Imp:/WORK/SYS_TOP/U_RegFile/regArr_reg[12][0]

  Ref  DFF        Ref:/WORK/SYS_TOP/U_RegFile/regArr_reg[12][1]
  Impl DFF        Imp:/WORK/SYS_TOP/U_RegFile/regArr_reg[12][1]

  Ref  DFF        Ref:/WORK/SYS_TOP/U_RegFile/regArr_reg[12][2]
  Impl DFF        Imp:/WORK/SYS_TOP/U_RegFile/regArr_reg[12][2]

  Ref  DFF        Ref:/WORK/SYS_TOP/U_RegFile/regArr_reg[12][3]
  Impl DFF        Imp:/WORK/SYS_TOP/U_RegFile/regArr_reg[12][3]

  Ref  DFF        Ref:/WORK/SYS_TOP/U_RegFile/regArr_reg[12][4]
  Impl DFF        Imp:/WORK/SYS_TOP/U_RegFile/regArr_reg[12][4]

  Ref  DFF        Ref:/WORK/SYS_TOP/U_RegFile/regArr_reg[12][5]
  Impl DFF        Imp:/WORK/SYS_TOP/U_RegFile/regArr_reg[12][5]

  Ref  DFF        Ref:/WORK/SYS_TOP/U_RegFile/regArr_reg[12][6]
  Impl DFF        Imp:/WORK/SYS_TOP/U_RegFile/regArr_reg[12][6]

  Ref  DFF        Ref:/WORK/SYS_TOP/U_RegFile/regArr_reg[12][7]
  Impl DFF        Imp:/WORK/SYS_TOP/U_RegFile/regArr_reg[12][7]

  Ref  DFF        Ref:/WORK/SYS_TOP/U_RegFile/regArr_reg[13][0]
  Impl DFF        Imp:/WORK/SYS_TOP/U_RegFile/regArr_reg[13][0]

  Ref  DFF        Ref:/WORK/SYS_TOP/U_RegFile/regArr_reg[13][1]
  Impl DFF        Imp:/WORK/SYS_TOP/U_RegFile/regArr_reg[13][1]

  Ref  DFF        Ref:/WORK/SYS_TOP/U_RegFile/regArr_reg[13][2]
  Impl DFF        Imp:/WORK/SYS_TOP/U_RegFile/regArr_reg[13][2]

  Ref  DFF        Ref:/WORK/SYS_TOP/U_RegFile/regArr_reg[13][3]
  Impl DFF        Imp:/WORK/SYS_TOP/U_RegFile/regArr_reg[13][3]

  Ref  DFF        Ref:/WORK/SYS_TOP/U_RegFile/regArr_reg[13][4]
  Impl DFF        Imp:/WORK/SYS_TOP/U_RegFile/regArr_reg[13][4]

  Ref  DFF        Ref:/WORK/SYS_TOP/U_RegFile/regArr_reg[13][5]
  Impl DFF        Imp:/WORK/SYS_TOP/U_RegFile/regArr_reg[13][5]

  Ref  DFF        Ref:/WORK/SYS_TOP/U_RegFile/regArr_reg[13][6]
  Impl DFF        Imp:/WORK/SYS_TOP/U_RegFile/regArr_reg[13][6]

  Ref  DFF        Ref:/WORK/SYS_TOP/U_RegFile/regArr_reg[13][7]
  Impl DFF        Imp:/WORK/SYS_TOP/U_RegFile/regArr_reg[13][7]

  Ref  DFF        Ref:/WORK/SYS_TOP/U_RegFile/regArr_reg[14][0]
  Impl DFF        Imp:/WORK/SYS_TOP/U_RegFile/regArr_reg[14][0]

  Ref  DFF        Ref:/WORK/SYS_TOP/U_RegFile/regArr_reg[14][1]
  Impl DFF        Imp:/WORK/SYS_TOP/U_RegFile/regArr_reg[14][1]

  Ref  DFF        Ref:/WORK/SYS_TOP/U_RegFile/regArr_reg[14][2]
  Impl DFF        Imp:/WORK/SYS_TOP/U_RegFile/regArr_reg[14][2]

  Ref  DFF        Ref:/WORK/SYS_TOP/U_RegFile/regArr_reg[14][3]
  Impl DFF        Imp:/WORK/SYS_TOP/U_RegFile/regArr_reg[14][3]

  Ref  DFF        Ref:/WORK/SYS_TOP/U_RegFile/regArr_reg[14][4]
  Impl DFF        Imp:/WORK/SYS_TOP/U_RegFile/regArr_reg[14][4]

  Ref  DFF        Ref:/WORK/SYS_TOP/U_RegFile/regArr_reg[14][5]
  Impl DFF        Imp:/WORK/SYS_TOP/U_RegFile/regArr_reg[14][5]

  Ref  DFF        Ref:/WORK/SYS_TOP/U_RegFile/regArr_reg[14][6]
  Impl DFF        Imp:/WORK/SYS_TOP/U_RegFile/regArr_reg[14][6]

  Ref  DFF        Ref:/WORK/SYS_TOP/U_RegFile/regArr_reg[14][7]
  Impl DFF        Imp:/WORK/SYS_TOP/U_RegFile/regArr_reg[14][7]

  Ref  DFF        Ref:/WORK/SYS_TOP/U_RegFile/regArr_reg[15][0]
  Impl DFF        Imp:/WORK/SYS_TOP/U_RegFile/regArr_reg[15][0]

  Ref  DFF        Ref:/WORK/SYS_TOP/U_RegFile/regArr_reg[15][1]
  Impl DFF        Imp:/WORK/SYS_TOP/U_RegFile/regArr_reg[15][1]

  Ref  DFF        Ref:/WORK/SYS_TOP/U_RegFile/regArr_reg[15][2]
  Impl DFF        Imp:/WORK/SYS_TOP/U_RegFile/regArr_reg[15][2]

  Ref  DFF        Ref:/WORK/SYS_TOP/U_RegFile/regArr_reg[15][3]
  Impl DFF        Imp:/WORK/SYS_TOP/U_RegFile/regArr_reg[15][3]

  Ref  DFF        Ref:/WORK/SYS_TOP/U_RegFile/regArr_reg[15][4]
  Impl DFF        Imp:/WORK/SYS_TOP/U_RegFile/regArr_reg[15][4]

  Ref  DFF        Ref:/WORK/SYS_TOP/U_RegFile/regArr_reg[15][5]
  Impl DFF        Imp:/WORK/SYS_TOP/U_RegFile/regArr_reg[15][5]

  Ref  DFF        Ref:/WORK/SYS_TOP/U_RegFile/regArr_reg[15][6]
  Impl DFF        Imp:/WORK/SYS_TOP/U_RegFile/regArr_reg[15][6]

  Ref  DFF        Ref:/WORK/SYS_TOP/U_RegFile/regArr_reg[15][7]
  Impl DFF        Imp:/WORK/SYS_TOP/U_RegFile/regArr_reg[15][7]

  Ref  DFF        Ref:/WORK/SYS_TOP/U_RegFile/regArr_reg[1][0]
  Impl DFF        Imp:/WORK/SYS_TOP/U_RegFile/regArr_reg[1][0]

  Ref  DFF        Ref:/WORK/SYS_TOP/U_RegFile/regArr_reg[1][1]
  Impl DFF        Imp:/WORK/SYS_TOP/U_RegFile/regArr_reg[1][1]

  Ref  DFF        Ref:/WORK/SYS_TOP/U_RegFile/regArr_reg[1][2]
  Impl DFF        Imp:/WORK/SYS_TOP/U_RegFile/regArr_reg[1][2]

  Ref  DFF        Ref:/WORK/SYS_TOP/U_RegFile/regArr_reg[1][3]
  Impl DFF        Imp:/WORK/SYS_TOP/U_RegFile/regArr_reg[1][3]

  Ref  DFF        Ref:/WORK/SYS_TOP/U_RegFile/regArr_reg[1][4]
  Impl DFF        Imp:/WORK/SYS_TOP/U_RegFile/regArr_reg[1][4]

  Ref  DFF        Ref:/WORK/SYS_TOP/U_RegFile/regArr_reg[1][5]
  Impl DFF        Imp:/WORK/SYS_TOP/U_RegFile/regArr_reg[1][5]

  Ref  DFF        Ref:/WORK/SYS_TOP/U_RegFile/regArr_reg[1][6]
  Impl DFF        Imp:/WORK/SYS_TOP/U_RegFile/regArr_reg[1][6]

  Ref  DFF        Ref:/WORK/SYS_TOP/U_RegFile/regArr_reg[1][7]
  Impl DFF        Imp:/WORK/SYS_TOP/U_RegFile/regArr_reg[1][7]

  Ref  DFF        Ref:/WORK/SYS_TOP/U_RegFile/regArr_reg[2][0]
  Impl DFF        Imp:/WORK/SYS_TOP/U_RegFile/regArr_reg[2][0]

  Ref  DFF        Ref:/WORK/SYS_TOP/U_RegFile/regArr_reg[2][1]
  Impl DFF        Imp:/WORK/SYS_TOP/U_RegFile/regArr_reg[2][1]

  Ref  DFF        Ref:/WORK/SYS_TOP/U_RegFile/regArr_reg[2][2]
  Impl DFF        Imp:/WORK/SYS_TOP/U_RegFile/regArr_reg[2][2]

  Ref  DFF        Ref:/WORK/SYS_TOP/U_RegFile/regArr_reg[2][3]
  Impl DFF        Imp:/WORK/SYS_TOP/U_RegFile/regArr_reg[2][3]

  Ref  DFF        Ref:/WORK/SYS_TOP/U_RegFile/regArr_reg[2][4]
  Impl DFF        Imp:/WORK/SYS_TOP/U_RegFile/regArr_reg[2][4]

  Ref  DFF        Ref:/WORK/SYS_TOP/U_RegFile/regArr_reg[2][5]
  Impl DFF        Imp:/WORK/SYS_TOP/U_RegFile/regArr_reg[2][5]

  Ref  DFF        Ref:/WORK/SYS_TOP/U_RegFile/regArr_reg[2][6]
  Impl DFF        Imp:/WORK/SYS_TOP/U_RegFile/regArr_reg[2][6]

  Ref  DFF        Ref:/WORK/SYS_TOP/U_RegFile/regArr_reg[2][7]
  Impl DFF        Imp:/WORK/SYS_TOP/U_RegFile/regArr_reg[2][7]

  Ref  DFF        Ref:/WORK/SYS_TOP/U_RegFile/regArr_reg[3][0]
  Impl DFF        Imp:/WORK/SYS_TOP/U_RegFile/regArr_reg[3][0]

  Ref  DFF        Ref:/WORK/SYS_TOP/U_RegFile/regArr_reg[3][1]
  Impl DFF        Imp:/WORK/SYS_TOP/U_RegFile/regArr_reg[3][1]

  Ref  DFF        Ref:/WORK/SYS_TOP/U_RegFile/regArr_reg[3][2]
  Impl DFF        Imp:/WORK/SYS_TOP/U_RegFile/regArr_reg[3][2]

  Ref  DFF        Ref:/WORK/SYS_TOP/U_RegFile/regArr_reg[3][3]
  Impl DFF        Imp:/WORK/SYS_TOP/U_RegFile/regArr_reg[3][3]

  Ref  DFF        Ref:/WORK/SYS_TOP/U_RegFile/regArr_reg[3][4]
  Impl DFF        Imp:/WORK/SYS_TOP/U_RegFile/regArr_reg[3][4]

  Ref  DFF        Ref:/WORK/SYS_TOP/U_RegFile/regArr_reg[3][5]
  Impl DFF        Imp:/WORK/SYS_TOP/U_RegFile/regArr_reg[3][5]

  Ref  DFF        Ref:/WORK/SYS_TOP/U_RegFile/regArr_reg[3][6]
  Impl DFF        Imp:/WORK/SYS_TOP/U_RegFile/regArr_reg[3][6]

  Ref  DFF        Ref:/WORK/SYS_TOP/U_RegFile/regArr_reg[3][7]
  Impl DFF        Imp:/WORK/SYS_TOP/U_RegFile/regArr_reg[3][7]

  Ref  DFF        Ref:/WORK/SYS_TOP/U_RegFile/regArr_reg[4][0]
  Impl DFF        Imp:/WORK/SYS_TOP/U_RegFile/regArr_reg[4][0]

  Ref  DFF        Ref:/WORK/SYS_TOP/U_RegFile/regArr_reg[4][1]
  Impl DFF        Imp:/WORK/SYS_TOP/U_RegFile/regArr_reg[4][1]

  Ref  DFF        Ref:/WORK/SYS_TOP/U_RegFile/regArr_reg[4][2]
  Impl DFF        Imp:/WORK/SYS_TOP/U_RegFile/regArr_reg[4][2]

  Ref  DFF        Ref:/WORK/SYS_TOP/U_RegFile/regArr_reg[4][3]
  Impl DFF        Imp:/WORK/SYS_TOP/U_RegFile/regArr_reg[4][3]

  Ref  DFF        Ref:/WORK/SYS_TOP/U_RegFile/regArr_reg[4][4]
  Impl DFF        Imp:/WORK/SYS_TOP/U_RegFile/regArr_reg[4][4]

  Ref  DFF        Ref:/WORK/SYS_TOP/U_RegFile/regArr_reg[4][5]
  Impl DFF        Imp:/WORK/SYS_TOP/U_RegFile/regArr_reg[4][5]

  Ref  DFF        Ref:/WORK/SYS_TOP/U_RegFile/regArr_reg[4][6]
  Impl DFF        Imp:/WORK/SYS_TOP/U_RegFile/regArr_reg[4][6]

  Ref  DFF        Ref:/WORK/SYS_TOP/U_RegFile/regArr_reg[4][7]
  Impl DFF        Imp:/WORK/SYS_TOP/U_RegFile/regArr_reg[4][7]

  Ref  DFF        Ref:/WORK/SYS_TOP/U_RegFile/regArr_reg[5][0]
  Impl DFF        Imp:/WORK/SYS_TOP/U_RegFile/regArr_reg[5][0]

  Ref  DFF        Ref:/WORK/SYS_TOP/U_RegFile/regArr_reg[5][1]
  Impl DFF        Imp:/WORK/SYS_TOP/U_RegFile/regArr_reg[5][1]

  Ref  DFF        Ref:/WORK/SYS_TOP/U_RegFile/regArr_reg[5][2]
  Impl DFF        Imp:/WORK/SYS_TOP/U_RegFile/regArr_reg[5][2]

  Ref  DFF        Ref:/WORK/SYS_TOP/U_RegFile/regArr_reg[5][3]
  Impl DFF        Imp:/WORK/SYS_TOP/U_RegFile/regArr_reg[5][3]

  Ref  DFF        Ref:/WORK/SYS_TOP/U_RegFile/regArr_reg[5][4]
  Impl DFF        Imp:/WORK/SYS_TOP/U_RegFile/regArr_reg[5][4]

  Ref  DFF        Ref:/WORK/SYS_TOP/U_RegFile/regArr_reg[5][5]
  Impl DFF        Imp:/WORK/SYS_TOP/U_RegFile/regArr_reg[5][5]

  Ref  DFF        Ref:/WORK/SYS_TOP/U_RegFile/regArr_reg[5][6]
  Impl DFF        Imp:/WORK/SYS_TOP/U_RegFile/regArr_reg[5][6]

  Ref  DFF        Ref:/WORK/SYS_TOP/U_RegFile/regArr_reg[5][7]
  Impl DFF        Imp:/WORK/SYS_TOP/U_RegFile/regArr_reg[5][7]

  Ref  DFF        Ref:/WORK/SYS_TOP/U_RegFile/regArr_reg[6][0]
  Impl DFF        Imp:/WORK/SYS_TOP/U_RegFile/regArr_reg[6][0]

  Ref  DFF        Ref:/WORK/SYS_TOP/U_RegFile/regArr_reg[6][1]
  Impl DFF        Imp:/WORK/SYS_TOP/U_RegFile/regArr_reg[6][1]

  Ref  DFF        Ref:/WORK/SYS_TOP/U_RegFile/regArr_reg[6][2]
  Impl DFF        Imp:/WORK/SYS_TOP/U_RegFile/regArr_reg[6][2]

  Ref  DFF        Ref:/WORK/SYS_TOP/U_RegFile/regArr_reg[6][3]
  Impl DFF        Imp:/WORK/SYS_TOP/U_RegFile/regArr_reg[6][3]

  Ref  DFF        Ref:/WORK/SYS_TOP/U_RegFile/regArr_reg[6][4]
  Impl DFF        Imp:/WORK/SYS_TOP/U_RegFile/regArr_reg[6][4]

  Ref  DFF        Ref:/WORK/SYS_TOP/U_RegFile/regArr_reg[6][5]
  Impl DFF        Imp:/WORK/SYS_TOP/U_RegFile/regArr_reg[6][5]

  Ref  DFF        Ref:/WORK/SYS_TOP/U_RegFile/regArr_reg[6][6]
  Impl DFF        Imp:/WORK/SYS_TOP/U_RegFile/regArr_reg[6][6]

  Ref  DFF        Ref:/WORK/SYS_TOP/U_RegFile/regArr_reg[6][7]
  Impl DFF        Imp:/WORK/SYS_TOP/U_RegFile/regArr_reg[6][7]

  Ref  DFF        Ref:/WORK/SYS_TOP/U_RegFile/regArr_reg[7][0]
  Impl DFF        Imp:/WORK/SYS_TOP/U_RegFile/regArr_reg[7][0]

  Ref  DFF        Ref:/WORK/SYS_TOP/U_RegFile/regArr_reg[7][1]
  Impl DFF        Imp:/WORK/SYS_TOP/U_RegFile/regArr_reg[7][1]

  Ref  DFF        Ref:/WORK/SYS_TOP/U_RegFile/regArr_reg[7][2]
  Impl DFF        Imp:/WORK/SYS_TOP/U_RegFile/regArr_reg[7][2]

  Ref  DFF        Ref:/WORK/SYS_TOP/U_RegFile/regArr_reg[7][3]
  Impl DFF        Imp:/WORK/SYS_TOP/U_RegFile/regArr_reg[7][3]

  Ref  DFF        Ref:/WORK/SYS_TOP/U_RegFile/regArr_reg[7][4]
  Impl DFF        Imp:/WORK/SYS_TOP/U_RegFile/regArr_reg[7][4]

  Ref  DFF        Ref:/WORK/SYS_TOP/U_RegFile/regArr_reg[7][5]
  Impl DFF        Imp:/WORK/SYS_TOP/U_RegFile/regArr_reg[7][5]

  Ref  DFF        Ref:/WORK/SYS_TOP/U_RegFile/regArr_reg[7][6]
  Impl DFF        Imp:/WORK/SYS_TOP/U_RegFile/regArr_reg[7][6]

  Ref  DFF        Ref:/WORK/SYS_TOP/U_RegFile/regArr_reg[7][7]
  Impl DFF        Imp:/WORK/SYS_TOP/U_RegFile/regArr_reg[7][7]

  Ref  DFF        Ref:/WORK/SYS_TOP/U_RegFile/regArr_reg[8][0]
  Impl DFF        Imp:/WORK/SYS_TOP/U_RegFile/regArr_reg[8][0]

  Ref  DFF        Ref:/WORK/SYS_TOP/U_RegFile/regArr_reg[8][1]
  Impl DFF        Imp:/WORK/SYS_TOP/U_RegFile/regArr_reg[8][1]

  Ref  DFF        Ref:/WORK/SYS_TOP/U_RegFile/regArr_reg[8][2]
  Impl DFF        Imp:/WORK/SYS_TOP/U_RegFile/regArr_reg[8][2]

  Ref  DFF        Ref:/WORK/SYS_TOP/U_RegFile/regArr_reg[8][3]
  Impl DFF        Imp:/WORK/SYS_TOP/U_RegFile/regArr_reg[8][3]

  Ref  DFF        Ref:/WORK/SYS_TOP/U_RegFile/regArr_reg[8][4]
  Impl DFF        Imp:/WORK/SYS_TOP/U_RegFile/regArr_reg[8][4]

  Ref  DFF        Ref:/WORK/SYS_TOP/U_RegFile/regArr_reg[8][5]
  Impl DFF        Imp:/WORK/SYS_TOP/U_RegFile/regArr_reg[8][5]

  Ref  DFF        Ref:/WORK/SYS_TOP/U_RegFile/regArr_reg[8][6]
  Impl DFF        Imp:/WORK/SYS_TOP/U_RegFile/regArr_reg[8][6]

  Ref  DFF        Ref:/WORK/SYS_TOP/U_RegFile/regArr_reg[8][7]
  Impl DFF        Imp:/WORK/SYS_TOP/U_RegFile/regArr_reg[8][7]

  Ref  DFF        Ref:/WORK/SYS_TOP/U_RegFile/regArr_reg[9][0]
  Impl DFF        Imp:/WORK/SYS_TOP/U_RegFile/regArr_reg[9][0]

  Ref  DFF        Ref:/WORK/SYS_TOP/U_RegFile/regArr_reg[9][1]
  Impl DFF        Imp:/WORK/SYS_TOP/U_RegFile/regArr_reg[9][1]

  Ref  DFF        Ref:/WORK/SYS_TOP/U_RegFile/regArr_reg[9][2]
  Impl DFF        Imp:/WORK/SYS_TOP/U_RegFile/regArr_reg[9][2]

  Ref  DFF        Ref:/WORK/SYS_TOP/U_RegFile/regArr_reg[9][3]
  Impl DFF        Imp:/WORK/SYS_TOP/U_RegFile/regArr_reg[9][3]

  Ref  DFF        Ref:/WORK/SYS_TOP/U_RegFile/regArr_reg[9][4]
  Impl DFF        Imp:/WORK/SYS_TOP/U_RegFile/regArr_reg[9][4]

  Ref  DFF        Ref:/WORK/SYS_TOP/U_RegFile/regArr_reg[9][5]
  Impl DFF        Imp:/WORK/SYS_TOP/U_RegFile/regArr_reg[9][5]

  Ref  DFF        Ref:/WORK/SYS_TOP/U_RegFile/regArr_reg[9][6]
  Impl DFF        Imp:/WORK/SYS_TOP/U_RegFile/regArr_reg[9][6]

  Ref  DFF        Ref:/WORK/SYS_TOP/U_RegFile/regArr_reg[9][7]
  Impl DFF        Imp:/WORK/SYS_TOP/U_RegFile/regArr_reg[9][7]

  Ref  DFF        Ref:/WORK/SYS_TOP/U_SYS_CTRL/STORE_2ND_BYTE_OF_ALU_OUT_reg[0]
  Impl DFF        Imp:/WORK/SYS_TOP/U_SYS_CTRL/STORE_2ND_BYTE_OF_ALU_OUT_reg[0]

  Ref  DFF        Ref:/WORK/SYS_TOP/U_SYS_CTRL/STORE_2ND_BYTE_OF_ALU_OUT_reg[1]
  Impl DFF        Imp:/WORK/SYS_TOP/U_SYS_CTRL/STORE_2ND_BYTE_OF_ALU_OUT_reg[1]

  Ref  DFF        Ref:/WORK/SYS_TOP/U_SYS_CTRL/STORE_2ND_BYTE_OF_ALU_OUT_reg[2]
  Impl DFF        Imp:/WORK/SYS_TOP/U_SYS_CTRL/STORE_2ND_BYTE_OF_ALU_OUT_reg[2]

  Ref  DFF        Ref:/WORK/SYS_TOP/U_SYS_CTRL/STORE_2ND_BYTE_OF_ALU_OUT_reg[3]
  Impl DFF        Imp:/WORK/SYS_TOP/U_SYS_CTRL/STORE_2ND_BYTE_OF_ALU_OUT_reg[3]

  Ref  DFF        Ref:/WORK/SYS_TOP/U_SYS_CTRL/STORE_2ND_BYTE_OF_ALU_OUT_reg[4]
  Impl DFF        Imp:/WORK/SYS_TOP/U_SYS_CTRL/STORE_2ND_BYTE_OF_ALU_OUT_reg[4]

  Ref  DFF        Ref:/WORK/SYS_TOP/U_SYS_CTRL/STORE_2ND_BYTE_OF_ALU_OUT_reg[5]
  Impl DFF        Imp:/WORK/SYS_TOP/U_SYS_CTRL/STORE_2ND_BYTE_OF_ALU_OUT_reg[5]

  Ref  DFF        Ref:/WORK/SYS_TOP/U_SYS_CTRL/STORE_2ND_BYTE_OF_ALU_OUT_reg[6]
  Impl DFF        Imp:/WORK/SYS_TOP/U_SYS_CTRL/STORE_2ND_BYTE_OF_ALU_OUT_reg[6]

  Ref  DFF        Ref:/WORK/SYS_TOP/U_SYS_CTRL/STORE_2ND_BYTE_OF_ALU_OUT_reg[7]
  Impl DFF        Imp:/WORK/SYS_TOP/U_SYS_CTRL/STORE_2ND_BYTE_OF_ALU_OUT_reg[7]

  Ref  DFF        Ref:/WORK/SYS_TOP/U_SYS_CTRL/STORE_ADDRESS_DATA_reg[0]
  Impl DFF        Imp:/WORK/SYS_TOP/U_SYS_CTRL/STORE_ADDRESS_DATA_reg[0]

  Ref  DFF        Ref:/WORK/SYS_TOP/U_SYS_CTRL/STORE_ADDRESS_DATA_reg[1]
  Impl DFF        Imp:/WORK/SYS_TOP/U_SYS_CTRL/STORE_ADDRESS_DATA_reg[1]

  Ref  DFF        Ref:/WORK/SYS_TOP/U_SYS_CTRL/STORE_ADDRESS_DATA_reg[2]
  Impl DFF        Imp:/WORK/SYS_TOP/U_SYS_CTRL/STORE_ADDRESS_DATA_reg[2]

  Ref  DFF        Ref:/WORK/SYS_TOP/U_SYS_CTRL/STORE_ADDRESS_DATA_reg[3]
  Impl DFF        Imp:/WORK/SYS_TOP/U_SYS_CTRL/STORE_ADDRESS_DATA_reg[3]

  Ref  DFF        Ref:/WORK/SYS_TOP/U_SYS_CTRL/current_state_reg[0]
  Impl DFF        Imp:/WORK/SYS_TOP/U_SYS_CTRL/current_state_reg[0]

  Ref  DFF        Ref:/WORK/SYS_TOP/U_SYS_CTRL/current_state_reg[1]
  Impl DFF        Imp:/WORK/SYS_TOP/U_SYS_CTRL/current_state_reg[1]

  Ref  DFF        Ref:/WORK/SYS_TOP/U_SYS_CTRL/current_state_reg[2]
  Impl DFF        Imp:/WORK/SYS_TOP/U_SYS_CTRL/current_state_reg[2]

  Ref  DFF        Ref:/WORK/SYS_TOP/U_SYS_CTRL/current_state_reg[3]
  Impl DFF        Imp:/WORK/SYS_TOP/U_SYS_CTRL/current_state_reg[3]

  Ref  Port       Ref:/WORK/SYS_TOP/UART_TX_O
  Impl Port       Imp:/WORK/SYS_TOP/UART_TX_O

  Ref  Port       Ref:/WORK/SYS_TOP/framing_error
  Impl Port       Imp:/WORK/SYS_TOP/framing_error

  Ref  Port       Ref:/WORK/SYS_TOP/parity_error
  Impl Port       Imp:/WORK/SYS_TOP/parity_error

 [BBNet: multiply-driven net
  BBPin: black-box pin
  Cut:   cut-point
  DFF:   non-constant DFF register
  DFF0:  constant 0 DFF register
  DFF1:  constant 1 DFF register
  DFFX:  constant X DFF register
  DFF0X: constrained 0X DFF register
  DFF1X: constrained 1X DFF register
  LAT:   non-constant latch register
  LAT0:  constant 0 latch register
  LAT1:  constant 1 latch register
  LATX:  constant X latch register
  LAT0X: constrained 0X latch register
  LAT1X: constrained 1X latch register
  LATCG: clock-gating latch register
  TLA:   transparent latch register
  TLA0X: transparent constrained 0X latch register
  TLA1X: transparent constrained 1X latch register
  Loop:  cycle break point
  Port:  primary (top-level) port
  Und:   undriven signal cut-point
  Unk:   unknown signal cut-point]

1
