 
****************************************
check_design summary:
Version:     K-2015.06
Date:        Sun Sep 28 21:40:31 2025
****************************************

                   Name                                            Total
--------------------------------------------------------------------------------
Inputs/Outputs                                                     19
    Unconnected ports (LINT-28)                                    10
    Shorted outputs (LINT-31)                                       4
    Constant outputs (LINT-52)                                      5

Cells                                                              20
    Cells do not drive (LINT-1)                                    18
    Connected to power or ground (LINT-32)                          2
--------------------------------------------------------------------------------

Warning: In design 'ClkDiv', cell 'C120' does not drive any nets. (LINT-1)
Warning: In design 'ALU', cell 'C365' does not drive any nets. (LINT-1)
Warning: In design 'ALU', cell 'C366' does not drive any nets. (LINT-1)
Warning: In design 'ALU', cell 'C367' does not drive any nets. (LINT-1)
Warning: In design 'ALU', cell 'C371' does not drive any nets. (LINT-1)
Warning: In design 'ALU', cell 'C396' does not drive any nets. (LINT-1)
Warning: In design 'ALU', cell 'C398' does not drive any nets. (LINT-1)
Warning: In design 'ALU', cell 'C400' does not drive any nets. (LINT-1)
Warning: In design 'FIFO_WR_ADDRES_WIDTH4', cell 'C62' does not drive any nets. (LINT-1)
Warning: In design 'FIFO_RD_ADDRES_WIDTH4', cell 'C56' does not drive any nets. (LINT-1)
Warning: In design 'SERIALIZER_DATA_WIDTH8_COUNT3', cell 'C105' does not drive any nets. (LINT-1)
Warning: In design 'EDGE_BIT_COUNTER', cell 'C83' does not drive any nets. (LINT-1)
Warning: In design 'EDGE_BIT_COUNTER', cell 'C84' does not drive any nets. (LINT-1)
Warning: In design 'DATA_SAMPLING', cell 'C87' does not drive any nets. (LINT-1)
Warning: In design 'FSM', cell 'B_17' does not drive any nets. (LINT-1)
Warning: In design 'FSM', cell 'B_18' does not drive any nets. (LINT-1)
Warning: In design 'FSM', cell 'B_19' does not drive any nets. (LINT-1)
Warning: In design 'FSM', cell 'C277' does not drive any nets. (LINT-1)
Warning: In design 'SYS_TOP', port 'SI[3]' is not connected to any nets. (LINT-28)
Warning: In design 'SYS_TOP', port 'SI[2]' is not connected to any nets. (LINT-28)
Warning: In design 'SYS_TOP', port 'SI[1]' is not connected to any nets. (LINT-28)
Warning: In design 'SYS_TOP', port 'SI[0]' is not connected to any nets. (LINT-28)
Warning: In design 'SYS_TOP', port 'SE' is not connected to any nets. (LINT-28)
Warning: In design 'SYS_TOP', port 'SO[3]' is not connected to any nets. (LINT-28)
Warning: In design 'SYS_TOP', port 'SO[2]' is not connected to any nets. (LINT-28)
Warning: In design 'SYS_TOP', port 'SO[1]' is not connected to any nets. (LINT-28)
Warning: In design 'SYS_TOP', port 'SO[0]' is not connected to any nets. (LINT-28)
Warning: In design 'DATA_SAMPLING', port 'prescale[0]' is not connected to any nets. (LINT-28)
Warning: In design 'CLKDIV_MUX', output port 'OUT[7]' is connected directly to output port 'OUT[4]'. (LINT-31)
Warning: In design 'CLKDIV_MUX', output port 'OUT[7]' is connected directly to output port 'OUT[5]'. (LINT-31)
Warning: In design 'CLKDIV_MUX', output port 'OUT[7]' is connected directly to output port 'OUT[6]'. (LINT-31)
Warning: In design 'FSM', output port 'count_enable' is connected directly to output port 'data_sampl_en'. (LINT-31)
Warning: In design 'UART_TX_DATA_WIDTH8', a pin on submodule 'U4' is connected to logic 1 or logic 0. (LINT-32)
   Pin 'start_bit' is connected to logic 0. 
Warning: In design 'UART_TX_DATA_WIDTH8', a pin on submodule 'U4' is connected to logic 1 or logic 0. (LINT-32)
   Pin 'stop_bit' is connected to logic 1. 
Warning: In design 'CLKDIV_MUX', output port 'OUT[7]' is connected directly to 'logic 0'. (LINT-52)
Warning: In design 'CLKDIV_MUX', output port 'OUT[6]' is connected directly to 'logic 0'. (LINT-52)
Warning: In design 'CLKDIV_MUX', output port 'OUT[5]' is connected directly to 'logic 0'. (LINT-52)
Warning: In design 'CLKDIV_MUX', output port 'OUT[4]' is connected directly to 'logic 0'. (LINT-52)
Warning: In design 'SYS_CTRL', output port 'CLK_DIV_EN' is connected directly to 'logic 1'. (LINT-52)
1
