In mode: Internal_scan...
  Design has scan chains in this mode
  Design is scan routed
  Post-DFT DRC enabled

Information: Starting test design rule checking. (TEST-222)
  Loading test protocol
  ...basic checks...
  ...basic sequential cell checks...
  ...checking vector rules...
  ...checking clock rules...
  ...checking scan chain rules...
  ...checking scan compression rules...
  ...checking X-state rules...
  ...checking tristate rules...
  ...extracting scan details...

-----------------------------------------------------------------
Begin Other violations...

Warning: Cell U_CLK_GATE/U0_TLATNCAX12M has constant 1 value. (TEST-505)

Other violations completed...
-----------------------------------------------------------------

-----------------------------------------------------------------
  DRC Report

  Total violations: 1

-----------------------------------------------------------------

1 OTHER VIOLATION
     1 Cell is constant 1 violation (TEST-505)


Warning: Violations occurred during test design rule checking. (TEST-124)

-----------------------------------------------------------------
  Sequential Cell Report

  1 out of 350 sequential cells have violations

-----------------------------------------------------------------

SEQUENTIAL CELLS WITH VIOLATIONS
      *   1 cell has constant 1 value
SEQUENTIAL CELLS WITHOUT VIOLATIONS
      * 349 cells are valid scan cells

Information: Test design rule checking completed. (TEST-123)
  Running test coverage estimation...
 15354 faults were added to fault list.
 ATPG performed for stuck fault model using internal pattern source.
 ----------------------------------------------------------
 #patterns     #faults     #ATPG faults  test      process
 stored     detect/active  red/au/abort  coverage  CPU time
 ---------  -------------  ------------  --------  --------
 Begin deterministic ATPG: #uncollapsed_faults=12224, abort_limit=10...
 0            7048   5176         0/0/0    65.81%      0.02
 0            1295   3881         0/0/0    74.27%      0.03
 0             811   3066         4/0/0    79.58%      0.04
 0             660   2405         5/0/0    83.90%      0.05
 0             387   2017         6/0/1    86.43%      0.06
 0             407   1606         9/0/1    89.12%      0.06
 0             297   1305        12/0/1    91.08%      0.07
 0             268   1029        17/0/1    92.88%      0.07
 0             130    894        20/0/1    93.76%      0.08
 0             149    722        26/0/1    94.88%      0.09
 0             166    549        31/0/3    96.01%      0.10
 0             101    441        37/0/4    96.72%      0.11
 0              81    345        50/0/4    97.35%      0.11
 0              65    266        61/0/5    97.86%      0.12
 0              54    195        72/0/8    98.33%      0.13
 0              53    123       84/1/10    98.79%      0.14
 0              81     21       98/1/11    99.47%      0.14
 0               4     16       99/1/11    99.50%      0.15
 
            Pattern Summary Report
 -----------------------------------------------
 #internal patterns                           0
 -----------------------------------------------
 

     Uncollapsed Stuck Fault Summary Report
 -----------------------------------------------
 fault class                     code   #faults
 ------------------------------  ----  ---------
 Detected                         DT      15082
 Possibly detected                PT          0
 Undetectable                     UD        196
 ATPG untestable                  AU         60
 Not detected                     ND         16
 -----------------------------------------------
 total faults                             15354
 test coverage                            99.50%
 -----------------------------------------------
  Information: The test coverage above may be inferior
               than the real test coverage with customized
               protocol and test simulation library.
1
