Information: Propagating switching activity (low effort zero delay simulation). (PWR-6)
Warning: Design has unannotated primary inputs. (PWR-414)
Warning: Design has unannotated sequential cell outputs. (PWR-415)
 
****************************************
Report : power
        -hier
        -analysis_effort low
Design : SYS_TOP
Version: K-2015.06
Date   : Sun Sep 28 21:41:58 2025
****************************************


Library(s) Used:

    scmetro_tsmc_cl013g_rvt_ss_1p08v_125c (File: /home/IC/tsmc_fb_cl013g_sc/aci/sc-m/synopsys/scmetro_tsmc_cl013g_rvt_ss_1p08v_125c.db)


Operating Conditions: scmetro_tsmc_cl013g_rvt_ss_1p08v_125c   Library: scmetro_tsmc_cl013g_rvt_ss_1p08v_125c
Wire Load Model Mode: top


Global Operating Voltage = 1.08 
Power-specific unit information :
    Voltage Units = 1V
    Capacitance Units = 1.000000pf
    Time Units = 1ns
    Dynamic Power Units = 1mW    (derived from V,C,T units)
    Leakage Power Units = 1pW


--------------------------------------------------------------------------------
                                       Switch   Int      Leak     Total
Hierarchy                              Power    Power    Power    Power    %
--------------------------------------------------------------------------------
SYS_TOP                                2.08e-02 9.80e-02 1.49e+07    0.134 100.0
  U_CLK_GATE (CLK_GATE)                1.84e-03 2.68e-03 4.20e+04 4.56e-03   3.4
  U_ALU (ALU_test_1)                   1.93e-04 1.47e-02 4.31e+06 1.92e-02  14.4
    mult_51 (ALU_DW02_mult_0)          2.66e-05 2.67e-05 1.65e+06 1.71e-03   1.3
    add_45 (ALU_DW01_add_0)            2.97e-06 2.77e-05 2.05e+05 2.36e-04   0.2
    sub_48 (ALU_DW01_sub_0)            4.06e-06 2.97e-05 2.48e+05 2.82e-04   0.2
    div_54 (ALU_DW_div_uns_0)          4.48e-05 1.76e-04 1.24e+06 1.46e-03   1.1
  U_RegFile (RegFile_test_1)           3.36e-03 3.04e-02 3.65e+06 3.74e-02  28.0
  U_SYS_CTRL (SYS_CTRL_test_1)         4.05e-04 3.76e-03 5.77e+05 4.74e-03   3.5
  UART (UART_TOP_test_1)               2.53e-03 1.45e-02 2.24e+06 1.92e-02  14.4
    U_UART_RX (UART_RX_DATA_WIDTH8_test_1)
                                       1.62e-03 8.77e-03 1.68e+06 1.21e-02   9.0
      U7 (FSM_test_1)                  2.88e-04 1.26e-03 4.03e+05 1.95e-03   1.5
      U6 (DATA_SAMPLING_test_1)        1.45e-04 1.45e-03 5.36e+05 2.13e-03   1.6
      U5 (PAR_CHECK_DATA_WIDTH8_test_1)
                                       5.54e-05 2.81e-04 1.20e+05 4.56e-04   0.3
      U4 (STOP_CHECK_test_1)           1.24e-04 3.01e-04 2.68e+04 4.52e-04   0.3
      U3 (START_CHECK_test_1)          2.25e-05 3.09e-04 2.56e+04 3.57e-04   0.3
      U2 (DESERIALIZER_DATA_WIDTH8_test_1)
                                       1.75e-04 2.46e-03 1.61e+05 2.80e-03   2.1
      U1 (EDGE_BIT_COUNTER_test_1)     3.69e-04 2.68e-03 4.03e+05 3.45e-03   2.6
    U_UART_TX (UART_TX_DATA_WIDTH8_test_1)
                                       8.76e-04 5.67e-03 5.54e+05 7.10e-03   5.3
      U4 (MUX_MUX_WIDTH2_test_1)       1.60e-04 3.64e-04 3.26e+04 5.56e-04   0.4
      U3 (PARITY_CALC_DATA_WIDTH8_test_1)
                                       1.08e-05 2.60e-04 1.17e+05 3.88e-04   0.3
      U2 (FSM_tx_MUX_WIDTH2_test_1)    8.19e-05 1.15e-03 1.00e+05 1.34e-03   1.0
      U1 (SERIALIZER_DATA_WIDTH8_COUNT3_test_1)
                                       3.52e-04 3.86e-03 2.99e+05 4.51e-03   3.4
  Clk_Div_RX_Prescale (ClkDiv_test_1)  1.17e-04 2.52e-03 5.76e+05 3.22e-03   2.4
    add_50 (ClkDiv_1_DW01_inc_0)       1.03e-05 2.44e-05 8.35e+04 1.18e-04   0.1
  CLKDIV_MUX (CLKDIV_MUX)              1.44e-08 1.05e-08 4.83e+04 4.83e-05   0.0
  Clk_Div_TX_CONS (ClkDiv_test_0)      2.05e-04 2.73e-03 5.47e+05 3.49e-03   2.6
    add_50 (ClkDiv_0_DW01_inc_0)       9.35e-06 3.77e-05 8.35e+04 1.31e-04   0.1
  U_PULSE_GEN (PULSE_GEN_test_1)       7.17e-06 4.78e-04 3.24e+04 5.18e-04   0.4
  U_FIFO (ASYNC_FIFO_ADDRES_WIDTH4_DATA_WIDTH8_FIFO_DEPTH8_test_1)
                                       2.65e-03 2.13e-02 2.49e+06 2.64e-02  19.8
    BIT_SYNC_W_TO_R (BIT_SYNC_NUM_STAGES2_BUS_WIDTH4_test_1)
                                       3.87e-06 1.67e-03 1.08e+05 1.79e-03   1.3
    BIT_SYNC_R_TO_W (BIT_SYNC_NUM_STAGES2_BUS_WIDTH4_test_0)
                                       1.28e-05 1.88e-03 1.09e+05 2.00e-03   1.5
    MEMORY_MODULE (FIFO_MEM_CNTRL_ADDRES_WIDTH4_DATA_WIDTH8_FIFO_DEPTH8_test_1)
                                       1.70e-03 1.32e-02 1.74e+06 1.66e-02  12.4
    READ_MODULE (FIFO_RD_ADDRES_WIDTH4_test_1)
                                       2.99e-04 2.35e-03 2.67e+05 2.92e-03   2.2
    WRITE_MODULE (FIFO_WR_ADDRES_WIDTH4_test_1)
                                       1.28e-04 2.15e-03 2.59e+05 2.54e-03   1.9
  DATA_sync_ref (DATA_SYNC_NUM_STAGES2_DATA_WIDTH8_test_1)
                                       1.13e-05 2.44e-03 2.11e+05 2.67e-03   2.0
  UART_RST_SYNC (RST_SYNC_NUM_STAGES2_test_1)
                                       1.15e-05 6.06e-04 2.97e+04 6.47e-04   0.5
  REF_RST_SYNC (RST_SYNC_NUM_STAGES2_test_0)
                                       9.71e-06 5.74e-04 2.95e+04 6.13e-04   0.5
  U6_mux2X1 (mux2X1_5)                 9.90e-06 4.29e-05 1.25e+04 6.53e-05   0.0
  U5_mux2X1 (mux2X1_6)                 9.90e-06 4.29e-05 1.26e+04 6.54e-05   0.0
  U4_mux2X1 (mux2X1_0)                 5.98e-05 4.63e-05 1.15e+04 1.18e-04   0.1
  U3_mux2X1 (mux2X1_2)                 6.30e-04 1.90e-04 1.15e+04 8.31e-04   0.6
  U2_mux2X1 (mux2X1_3)                 7.87e-04 1.92e-04 1.15e+04 9.91e-04   0.7
  U1_mux2X1 (mux2X1_4)                 5.19e-04 1.89e-04 1.15e+04 7.19e-04   0.5
  U0_mux2X1 (mux2X1_1)                 5.47e-03 4.16e-04 1.88e+04 5.91e-03   4.4
1
