
                                 Formality (R)

               Version L-2016.03-SP1 for linux64 - Apr 13, 2016 

                    Copyright (c) 1988 - 2016 Synopsys, Inc.
   This software and the associated documentation are proprietary to Synopsys,
 Inc. This software may only be used in accordance with the terms and conditions
 of a written license agreement with Synopsys, Inc. All other use, reproduction,
            or distribution of this software is strictly prohibited.

  ** Highlights of Formality (R) Version L-2016.03 **
   - New alternate verification strategies for resolving inconclusive verifications
   - Automation for deploying alternate strategies
   - New command to export the mapping of reference to implementation registers
   - New capability to combine PG and low power information from db libraries with Verilog functional models

   * Please refer to the Formality Release Notes for details and additional enhancements

Build: 4031317
Hostname: IC (RHEL64)
Current time: Sat Sep 27 08:19:07 2025

Loading db file '/opt/Synopsys/Formality2016/libraries/syn/gtech.db'
########################### Define Top Module ############################
set top_module SYS_TOP
SYS_TOP
######################### Formality Setup File ###########################
set synopsys_auto_setup true
true
set_svf "/home/IC/FINAL_PROJECT/syn/SYS_TOP.svf"
SVF set to '/home/IC/FINAL_PROJECT/syn/SYS_TOP.svf'.
1
set SSLIB "/home/IC/tsmc_fb_cl013g_sc/aci/sc-m/synopsys/scmetro_tsmc_cl013g_rvt_ss_1p08v_125c.db"
/home/IC/tsmc_fb_cl013g_sc/aci/sc-m/synopsys/scmetro_tsmc_cl013g_rvt_ss_1p08v_125c.db
set TTLIB "/home/IC/tsmc_fb_cl013g_sc/aci/sc-m/synopsys/scmetro_tsmc_cl013g_rvt_tt_1p2v_25c.db"
/home/IC/tsmc_fb_cl013g_sc/aci/sc-m/synopsys/scmetro_tsmc_cl013g_rvt_tt_1p2v_25c.db
set FFLIB "/home/IC/tsmc_fb_cl013g_sc/aci/sc-m/synopsys/scmetro_tsmc_cl013g_rvt_ff_1p32v_m40c.db"
/home/IC/tsmc_fb_cl013g_sc/aci/sc-m/synopsys/scmetro_tsmc_cl013g_rvt_ff_1p32v_m40c.db
######################### Reference Container ############################
## Read Reference technology libraries
read_db -container Ref [list $SSLIB $TTLIB $FFLIB]
Loading db file '/home/IC/tsmc_fb_cl013g_sc/aci/sc-m/synopsys/scmetro_tsmc_cl013g_rvt_ss_1p08v_125c.db'
Created container 'Ref'
Current container set to 'Ref'
Loading db file '/home/IC/tsmc_fb_cl013g_sc/aci/sc-m/synopsys/scmetro_tsmc_cl013g_rvt_tt_1p2v_25c.db'
Loading db file '/home/IC/tsmc_fb_cl013g_sc/aci/sc-m/synopsys/scmetro_tsmc_cl013g_rvt_ff_1p32v_m40c.db'
1
## Read Reference Design Files
read_verilog -container Ref "/home/IC/FINAL_PROJECT/rtl/ALU/ALU.v"
No target library specified, default is WORK
Initializing DesignWare ...
Initialization Complete
Loading verilog file '/home/IC/FINAL_PROJECT/rtl/ALU/ALU.v'
1
read_verilog -container Ref "/home/IC/FINAL_PROJECT/rtl/ASYNC_FIFO/ASYNC_FIFO.v"
No target library specified, default is WORK
Loading verilog file '/home/IC/FINAL_PROJECT/rtl/ASYNC_FIFO/ASYNC_FIFO.v'
1
read_verilog -container Ref "/home/IC/FINAL_PROJECT/rtl/ASYNC_FIFO/FIFO_MEM_CNTRL.v"
No target library specified, default is WORK
Loading verilog file '/home/IC/FINAL_PROJECT/rtl/ASYNC_FIFO/FIFO_MEM_CNTRL.v'
1
read_verilog -container Ref "/home/IC/FINAL_PROJECT/rtl/ASYNC_FIFO/FIFO_RD.v"
No target library specified, default is WORK
Loading verilog file '/home/IC/FINAL_PROJECT/rtl/ASYNC_FIFO/FIFO_RD.v'
1
read_verilog -container Ref "/home/IC/FINAL_PROJECT/rtl/ASYNC_FIFO/FIFO_WR.v"
No target library specified, default is WORK
Loading verilog file '/home/IC/FINAL_PROJECT/rtl/ASYNC_FIFO/FIFO_WR.v'
1
read_verilog -container Ref "/home/IC/FINAL_PROJECT/rtl/ASYNC_FIFO/bit_sync.v"
No target library specified, default is WORK
Loading verilog file '/home/IC/FINAL_PROJECT/rtl/ASYNC_FIFO/bit_sync.v'
1
read_verilog -container Ref "/home/IC/FINAL_PROJECT/rtl/CLKDIV_MUX/CLKDIV_MUX.v"
No target library specified, default is WORK
Loading verilog file '/home/IC/FINAL_PROJECT/rtl/CLKDIV_MUX/CLKDIV_MUX.v'
1
read_verilog -container Ref "/home/IC/FINAL_PROJECT/rtl/CLOCK_DIV/ClkDiv.v"
No target library specified, default is WORK
Loading verilog file '/home/IC/FINAL_PROJECT/rtl/CLOCK_DIV/ClkDiv.v'
1
read_verilog -container Ref "/home/IC/FINAL_PROJECT/rtl/CLK_GATING/CLK_GATE.v"
No target library specified, default is WORK
Loading verilog file '/home/IC/FINAL_PROJECT/rtl/CLK_GATING/CLK_GATE.v'
1
read_verilog -container Ref "/home/IC/FINAL_PROJECT/rtl/DATA_SYNC/DATA_SYNC.v"
No target library specified, default is WORK
Loading verilog file '/home/IC/FINAL_PROJECT/rtl/DATA_SYNC/DATA_SYNC.v'
1
read_verilog -container Ref "/home/IC/FINAL_PROJECT/rtl/PULSE_GEN/PULSE_GEN.v"
No target library specified, default is WORK
Loading verilog file '/home/IC/FINAL_PROJECT/rtl/PULSE_GEN/PULSE_GEN.v'
1
read_verilog -container Ref "/home/IC/FINAL_PROJECT/rtl/RegFile/RegFile.v"
No target library specified, default is WORK
Loading verilog file '/home/IC/FINAL_PROJECT/rtl/RegFile/RegFile.v'
1
read_verilog -container Ref "/home/IC/FINAL_PROJECT/rtl/RST_SYNC/RST_SYNC.v"
No target library specified, default is WORK
Loading verilog file '/home/IC/FINAL_PROJECT/rtl/RST_SYNC/RST_SYNC.v'
1
read_verilog -container Ref "/home/IC/FINAL_PROJECT/rtl/SYS_CONTROL/SYS_CTRL.v"
No target library specified, default is WORK
Loading verilog file '/home/IC/FINAL_PROJECT/rtl/SYS_CONTROL/SYS_CTRL.v'
1
read_verilog -container Ref "/home/IC/FINAL_PROJECT/rtl/SYS_TOP/SYS_TOP.v"
No target library specified, default is WORK
Loading verilog file '/home/IC/FINAL_PROJECT/rtl/SYS_TOP/SYS_TOP.v'
1
read_verilog -container Ref "/home/IC/FINAL_PROJECT/rtl/UART/UART_RX/DATA_SAMPLING.v"
No target library specified, default is WORK
Loading verilog file '/home/IC/FINAL_PROJECT/rtl/UART/UART_RX/DATA_SAMPLING.v'
1
read_verilog -container Ref "/home/IC/FINAL_PROJECT/rtl/UART/UART_RX/DESERIALIZER.v"
No target library specified, default is WORK
Loading verilog file '/home/IC/FINAL_PROJECT/rtl/UART/UART_RX/DESERIALIZER.v'
1
read_verilog -container Ref "/home/IC/FINAL_PROJECT/rtl/UART/UART_RX/EDGE_BIT_COUNTER.v"
No target library specified, default is WORK
Loading verilog file '/home/IC/FINAL_PROJECT/rtl/UART/UART_RX/EDGE_BIT_COUNTER.v'
1
read_verilog -container Ref "/home/IC/FINAL_PROJECT/rtl/UART/UART_RX/FSM.v"
No target library specified, default is WORK
Loading verilog file '/home/IC/FINAL_PROJECT/rtl/UART/UART_RX/FSM.v'
1
read_verilog -container Ref "/home/IC/FINAL_PROJECT/rtl/UART/UART_RX/PAR_CHECK.v"
No target library specified, default is WORK
Loading verilog file '/home/IC/FINAL_PROJECT/rtl/UART/UART_RX/PAR_CHECK.v'
1
read_verilog -container Ref "/home/IC/FINAL_PROJECT/rtl/UART/UART_RX/START_CHECK.v"
No target library specified, default is WORK
Loading verilog file '/home/IC/FINAL_PROJECT/rtl/UART/UART_RX/START_CHECK.v'
1
read_verilog -container Ref "/home/IC/FINAL_PROJECT/rtl/UART/UART_RX/STOP_CHECK.v"
No target library specified, default is WORK
Loading verilog file '/home/IC/FINAL_PROJECT/rtl/UART/UART_RX/STOP_CHECK.v'
1
read_verilog -container Ref "/home/IC/FINAL_PROJECT/rtl/UART/UART_RX/UART_RX.v"
No target library specified, default is WORK
Loading verilog file '/home/IC/FINAL_PROJECT/rtl/UART/UART_RX/UART_RX.v'
1
read_verilog -container Ref "/home/IC/FINAL_PROJECT/rtl/UART/UART_TX/FSM_tx.v"
No target library specified, default is WORK
Loading verilog file '/home/IC/FINAL_PROJECT/rtl/UART/UART_TX/FSM_tx.v'
1
read_verilog -container Ref "/home/IC/FINAL_PROJECT/rtl/UART/UART_TX/MUX.v"
No target library specified, default is WORK
Loading verilog file '/home/IC/FINAL_PROJECT/rtl/UART/UART_TX/MUX.v'
1
read_verilog -container Ref "/home/IC/FINAL_PROJECT/rtl/UART/UART_TX/PARITY_CALC.v"
No target library specified, default is WORK
Loading verilog file '/home/IC/FINAL_PROJECT/rtl/UART/UART_TX/PARITY_CALC.v'
1
read_verilog -container Ref "/home/IC/FINAL_PROJECT/rtl/UART/UART_TX/SERIALIZER.v"
No target library specified, default is WORK
Loading verilog file '/home/IC/FINAL_PROJECT/rtl/UART/UART_TX/SERIALIZER.v'
1
read_verilog -container Ref "/home/IC/FINAL_PROJECT/rtl/UART/UART_TX/UART_TX.v"
No target library specified, default is WORK
Loading verilog file '/home/IC/FINAL_PROJECT/rtl/UART/UART_TX/UART_TX.v'
1
read_verilog -container Ref "/home/IC/FINAL_PROJECT/rtl/UART/UART_TOP/UART_TOP.v"
No target library specified, default is WORK
Loading verilog file '/home/IC/FINAL_PROJECT/rtl/UART/UART_TOP/UART_TOP.v'
1
## set the top Reference Design 
set_reference_design $top_module
Reference design set to 'Ref:/WORK/SYS_TOP'
1
set_top $top_module
Setting top design to 'Ref:/WORK/SYS_TOP'
Status:   Elaborating design SYS_TOP   ...  
Status:   Elaborating design RST_SYNC  NUM_STAGES=2 ...  
Information: Created design named 'RST_SYNC_NUM_STAGES2'. (FE-LINK-13)
Status:   Elaborating design DATA_SYNC  NUM_STAGES=2, DATA_WIDTH=8 ...  
Information: Created design named 'DATA_SYNC_NUM_STAGES2_DATA_WIDTH8'. (FE-LINK-13)
Status:   Elaborating design ASYNC_FIFO  ADDRES_WIDTH=4, DATA_WIDTH=8, FIFO_DEPTH=8 ...  
Information: Created design named 'ASYNC_FIFO_ADDRES_WIDTH4_DATA_WIDTH8_FIFO_DEPTH8'. (FE-LINK-13)
Status:   Elaborating design FIFO_WR  ADDRES_WIDTH=4 ...  
Information: Created design named 'FIFO_WR_ADDRES_WIDTH4'. (FE-LINK-13)
Status:   Elaborating design FIFO_RD  ADDRES_WIDTH=4 ...  
Information: Created design named 'FIFO_RD_ADDRES_WIDTH4'. (FE-LINK-13)
Status:   Elaborating design FIFO_MEM_CNTRL  ADDRES_WIDTH=4, DATA_WIDTH=8, FIFO_DEPTH=8 ...  
Information: Created design named 'FIFO_MEM_CNTRL_ADDRES_WIDTH4_DATA_WIDTH8_FIFO_DEPTH8'. (FE-LINK-13)
Status:   Elaborating design BIT_SYNC  NUM_STAGES=2, BUS_WIDTH=4 ...  
Information: Created design named 'BIT_SYNC_NUM_STAGES2_BUS_WIDTH4'. (FE-LINK-13)
Status:   Elaborating design PULSE_GEN   ...  
Status:   Elaborating design ClkDiv   ...  
Status:   Elaborating design CLKDIV_MUX   ...  
Status:   Elaborating design UART_TOP   ...  
Status:   Elaborating design UART_TX  DATA_WIDTH=8 ...  
Information: Created design named 'UART_TX_DATA_WIDTH8'. (FE-LINK-13)
Status:   Elaborating design SERIALIZER  DATA_WIDTH=8, COUNT=3 ...  
Information: Created design named 'SERIALIZER_DATA_WIDTH8_COUNT3'. (FE-LINK-13)
Status:   Elaborating design FSM_tx  MUX_WIDTH=2 ...  
Information: Created design named 'FSM_tx_MUX_WIDTH2'. (FE-LINK-13)
Status:   Elaborating design PARITY_CALC  DATA_WIDTH=8 ...  
Information: Created design named 'PARITY_CALC_DATA_WIDTH8'. (FE-LINK-13)
Status:   Elaborating design MUX  MUX_WIDTH=2 ...  
Information: Created design named 'MUX_MUX_WIDTH2'. (FE-LINK-13)
Status:   Elaborating design UART_RX  DATA_WIDTH=8 ...  
Information: Created design named 'UART_RX_DATA_WIDTH8'. (FE-LINK-13)
Status:   Elaborating design EDGE_BIT_COUNTER   ...  
Status:   Elaborating design DESERIALIZER  DATA_WIDTH=8 ...  
Information: Created design named 'DESERIALIZER_DATA_WIDTH8'. (FE-LINK-13)
Status:   Elaborating design START_CHECK   ...  
Status:   Elaborating design STOP_CHECK   ...  
Status:   Elaborating design PAR_CHECK  DATA_WIDTH=8 ...  
Information: Created design named 'PAR_CHECK_DATA_WIDTH8'. (FE-LINK-13)
Status:   Elaborating design DATA_SAMPLING   ...  
Status:   Elaborating design FSM   ...  
Status:   Elaborating design SYS_CTRL   ...  
Status:   Elaborating design RegFile   ...  
Status:   Elaborating design ALU   ...  
Status:   Elaborating design CLK_GATE   ...  
Status:  Implementing inferred operators...

************ Library Checking Summary ************
Warning:  3 unlinked power cell(s) with unread pg pins.
        Use 'report_libraries -defects all' for more details.
**************************************************

Top design successfully set to 'Ref:/WORK/SYS_TOP'
Reference design set to 'Ref:/WORK/SYS_TOP'
1
######################## Implementation Container #########################
## Read Implementation technology libraries
read_db -container Imp [list $SSLIB $TTLIB $FFLIB]
Loading db file '/home/IC/tsmc_fb_cl013g_sc/aci/sc-m/synopsys/scmetro_tsmc_cl013g_rvt_ss_1p08v_125c.db'
Created container 'Imp'
Current container set to 'Imp'
Loading db file '/home/IC/tsmc_fb_cl013g_sc/aci/sc-m/synopsys/scmetro_tsmc_cl013g_rvt_tt_1p2v_25c.db'
Loading db file '/home/IC/tsmc_fb_cl013g_sc/aci/sc-m/synopsys/scmetro_tsmc_cl013g_rvt_ff_1p32v_m40c.db'
1
## Read Implementation Design Files
read_verilog -container Imp -netlist "/home/IC/FINAL_PROJECT/syn/netlists/SYS_TOP.v"
No target library specified, default is WORK
Loading verilog file '/home/IC/FINAL_PROJECT/syn/netlists/SYS_TOP.v'
1
## set the top Implementation Design
set_implementation_design $top_module
Implementation design set to 'Imp:/WORK/SYS_TOP'
1
set_top $top_module
Setting top design to 'Imp:/WORK/SYS_TOP'
Status:  Implementing inferred operators...

************ Library Checking Summary ************
Warning:  3 unlinked power cell(s) with unread pg pins.
        Use 'report_libraries -defects all' for more details.
**************************************************

Top design successfully set to 'Imp:/WORK/SYS_TOP'
Implementation design set to 'Imp:/WORK/SYS_TOP'
1
## matching Compare points
match
Reference design is 'Ref:/WORK/SYS_TOP'
Implementation design is 'Imp:/WORK/SYS_TOP'
Status:  Checking designs...
    Warning: 0 (12) undriven nets found in reference (implementation) design; see formality.log for list (FM-399)
Status:  Building verification models...
Status:  Processing Guide Commands...

***************************** Guidance Summary *****************************
                                         Status
Command                 Accepted   Rejected  Unsupported  Unprocessed  Total
----------------------------------------------------------------------------
environment         :          2          0          0          0          2
instance_map        :         28          0          0          0         28
mark                :         18          0          0          0         18
multiplier          :          2          0          0          0          2
reg_constant        :          1          0          0          0          1
transformation
   map              :         24          0          0          0         24
   share            :          6          0          0          0          6
uniquify            :          2          2          0          0          4

Note: If verification succeeds you can safely ignore unaccepted guidance commands.

SVF files read:
      /home/IC/FINAL_PROJECT/syn/SYS_TOP.svf

SVF files produced:
  /home/IC/FINAL_PROJECT/post_syn/formality_svf/
    svf.txt
****************************************************************************

Status:  Matching...
    
*********************************** Matching Results ***********************************    
 353 Compare points matched by name    
 0 Compare points matched by signature analysis    
 0 Compare points matched by topology    
 4 Matched primary inputs, black-box outputs    
 0(0) Unmatched reference(implementation) compare points    
 0(0) Unmatched reference(implementation) primary inputs, black-box outputs    
 1(0) Unmatched reference(implementation) unread points    
****************************************************************************************

1
## verify
set successful [verify]
Reference design is 'Ref:/WORK/SYS_TOP'
Implementation design is 'Imp:/WORK/SYS_TOP'
    
*********************************** Matching Results ***********************************    
 353 Compare points matched by name    
 0 Compare points matched by signature analysis    
 0 Compare points matched by topology    
 4 Matched primary inputs, black-box outputs    
 0(0) Unmatched reference(implementation) compare points    
 0(0) Unmatched reference(implementation) primary inputs, black-box outputs    
 1(0) Unmatched reference(implementation) unread points    
****************************************************************************************

Status:  Verifying...

***************************** Synopsys Auto Setup Summary ******************************

!!! Synopsys Auto Setup Mode was enabled. !!!
!!! Verification results are valid assuming the following setup constraints: !!!

### RTL Interpretation Setup
   set hdlin_ignore_parallel_case false
   set hdlin_ignore_full_case false
   set hdlin_error_on_mismatch_message false
   set hdlin_ignore_embedded_configuration true

### Undriven Signal Handling Setup
   set verification_set_undriven_signals synthesis

### Test Logic Setup
   set verification_verify_directly_undriven_output false
   For details see report_dont_verify_points and report_constants


For further details on Synopsys Auto Setup Mode: Type man synopsys_auto_setup
****************************************************************************************


********************************* Verification Results *********************************
Verification SUCCEEDED
   ATTENTION: synopsys_auto_setup mode was enabled.
              See Synopsys Auto Setup Summary for details.
----------------------------------------------------------
 Reference design: Ref:/WORK/SYS_TOP
 Implementation design: Imp:/WORK/SYS_TOP
 353 Passing compare points
----------------------------------------------------------------------------------------
Matched Compare Points     BBPin    Loop   BBNet     Cut    Port     DFF     LAT   TOTAL
----------------------------------------------------------------------------------------
Passing (equivalent)           0       0       0       0       3     349       1     353
Failing (not equivalent)       0       0       0       0       0       0       0       0
****************************************************************************************
1
if {!$successful} {
diagnose
analyze_points -failing
}
report_passing_points > "reports/passing_points.rpt"
report_failing_points > "reports/failing_points.rpt"
report_aborted_points > "reports/aborted_points.rpt"
report_unverified_points > "reports/unverified_points.rpt"
start_gui
     1  source -echo -verbose syn_fm_script.tcl
1
1
fm_shell (verify)> exit

Maximum memory usage for this session: 455540 KB
CPU usage for this session: 15.81 seconds
Current time: Sat Sep 27 08:22:21 2025
Elapsed time: 208 seconds

Thank you for using Formality (R)!
