                                        
                           Design Compiler Graphical 
                                 DC Ultra (TM)
                                  DFTMAX (TM)
                              Power Compiler (TM)
                                 DesignWare (R)
                                 DC Expert (TM)
                               Design Vision (TM)
                               HDL Compiler (TM)
                               VHDL Compiler (TM)
                                  DFT Compiler
                               Design Compiler(R)
                                        
                 Version K-2015.06 for linux64 - May 28, 2015 
                                        
                    Copyright (c) 1988 - 2015 Synopsys, Inc.
   This software and the associated documentation are proprietary to Synopsys,
 Inc. This software may only be used in accordance with the terms and conditions
 of a written license agreement with Synopsys, Inc. All other use, reproduction,
            or distribution of this software is strictly prohibited.
Initializing...
Initializing gui preferences from file  /home/IC/.synopsys_dv_prefs.tcl
########################### Define Top Module ############################
set top_module SYS_TOP
SYS_TOP
##################### Define Working Library Directory ######################
define_design_lib work -path ./work
1
############################# Formality Setup File ##########################
set_svf $top_module.svf
1
################## Design Compiler Library Files #setup ######################
puts "###########################################"
###########################################
puts "#      #setting Design Libraries          #"
#      #setting Design Libraries          #
puts "###########################################"
###########################################
#Add the path of the libraries to the search_path variable
lappend search_path /home/IC/tsmc_fb_cl013g_sc/aci/sc-m/synopsys
. /opt/Synopsys/Synplify2015/libraries/syn /opt/Synopsys/Synplify2015/minpower/syn /opt/Synopsys/Synplify2015/dw/syn_ver /opt/Synopsys/Synplify2015/dw/sim_ver /home/IC/tsmc_fb_cl013g_sc/aci/sc-m/synopsys
set SSLIB "scmetro_tsmc_cl013g_rvt_ss_1p08v_125c.db"
scmetro_tsmc_cl013g_rvt_ss_1p08v_125c.db
set TTLIB "scmetro_tsmc_cl013g_rvt_tt_1p2v_25c.db"
scmetro_tsmc_cl013g_rvt_tt_1p2v_25c.db
set FFLIB "scmetro_tsmc_cl013g_rvt_ff_1p32v_m40c.db"
scmetro_tsmc_cl013g_rvt_ff_1p32v_m40c.db
## Standard Cell libraries 
set target_library [list $SSLIB $TTLIB $FFLIB]
scmetro_tsmc_cl013g_rvt_ss_1p08v_125c.db scmetro_tsmc_cl013g_rvt_tt_1p2v_25c.db scmetro_tsmc_cl013g_rvt_ff_1p32v_m40c.db
## Standard Cell & Hard Macros libraries 
set link_library [list * $SSLIB $TTLIB $FFLIB]  
* scmetro_tsmc_cl013g_rvt_ss_1p08v_125c.db scmetro_tsmc_cl013g_rvt_tt_1p2v_25c.db scmetro_tsmc_cl013g_rvt_ff_1p32v_m40c.db
######################## Reading RTL Files #################################
puts "###########################################"
###########################################
puts "#             Reading RTL Files           #"
#             Reading RTL Files           #
puts "###########################################"
###########################################
set file_format verilog
verilog
set fh [open system.lst r+]
file11
set rtl [read $fh]
/home/IC/FINAL_PROJECT/rtl/RST_SYNC/RST_SYNC.v
/home/IC/FINAL_PROJECT/rtl/CLOCK_DIV/ClkDiv.v
/home/IC/FINAL_PROJECT/rtl/SYS_CONTROL/SYS_CTRL.v
/home/IC/FINAL_PROJECT/rtl/CLKDIV_MUX/CLKDIV_MUX.v
/home/IC/FINAL_PROJECT/rtl/SYS_TOP/SYS_TOP.v
/home/IC/FINAL_PROJECT/rtl/CLK_GATING/CLK_GATE.v
/home/IC/FINAL_PROJECT/rtl/UART/UART_TX/FSM_tx.v
/home/IC/FINAL_PROJECT/rtl/UART/UART_TX/SERIALIZER.v
/home/IC/FINAL_PROJECT/rtl/UART/UART_TX/MUX.v
/home/IC/FINAL_PROJECT/rtl/UART/UART_TX/UART_TX.v
/home/IC/FINAL_PROJECT/rtl/UART/UART_TX/PARITY_CALC.v
/home/IC/FINAL_PROJECT/rtl/UART/UART_RX/FSM.v
/home/IC/FINAL_PROJECT/rtl/UART/UART_RX/EDGE_BIT_COUNTER.v
/home/IC/FINAL_PROJECT/rtl/UART/UART_RX/DATA_SAMPLING.v
/home/IC/FINAL_PROJECT/rtl/UART/UART_RX/UART_RX.v
/home/IC/FINAL_PROJECT/rtl/UART/UART_RX/PAR_CHECK.v
/home/IC/FINAL_PROJECT/rtl/UART/UART_RX/DESERIALIZER.v
/home/IC/FINAL_PROJECT/rtl/UART/UART_RX/STOP_CHECK.v
/home/IC/FINAL_PROJECT/rtl/UART/UART_RX/START_CHECK.v
/home/IC/FINAL_PROJECT/rtl/UART/UART_TOP/UART_TOP.v
/home/IC/FINAL_PROJECT/rtl/ASYNC_FIFO/bit_sync.v
/home/IC/FINAL_PROJECT/rtl/ASYNC_FIFO/FIFO_WR.v
/home/IC/FINAL_PROJECT/rtl/ASYNC_FIFO/FIFO_MEM_CNTRL.v
/home/IC/FINAL_PROJECT/rtl/ASYNC_FIFO/ASYNC_FIFO.v
/home/IC/FINAL_PROJECT/rtl/ASYNC_FIFO/FIFO_RD.v
/home/IC/FINAL_PROJECT/rtl/RegFile/RegFile.v
/home/IC/FINAL_PROJECT/rtl/ALU/ALU.v
/home/IC/FINAL_PROJECT/rtl/DATA_SYNC/DATA_SYNC.v
/home/IC/FINAL_PROJECT/rtl/PULSE_GEN/PULSE_GEN.v

set designs ""
regsub -all "\n" $rtl " " designs
29
analyze -format $file_format $designs
Running PRESTO HDLC
Compiling source file /home/IC/FINAL_PROJECT/rtl/RST_SYNC/RST_SYNC.v
Compiling source file /home/IC/FINAL_PROJECT/rtl/CLOCK_DIV/ClkDiv.v
Compiling source file /home/IC/FINAL_PROJECT/rtl/SYS_CONTROL/SYS_CTRL.v
Compiling source file /home/IC/FINAL_PROJECT/rtl/CLKDIV_MUX/CLKDIV_MUX.v
Compiling source file /home/IC/FINAL_PROJECT/rtl/SYS_TOP/SYS_TOP.v
Compiling source file /home/IC/FINAL_PROJECT/rtl/CLK_GATING/CLK_GATE.v
Compiling source file /home/IC/FINAL_PROJECT/rtl/UART/UART_TX/FSM_tx.v
Compiling source file /home/IC/FINAL_PROJECT/rtl/UART/UART_TX/SERIALIZER.v
Compiling source file /home/IC/FINAL_PROJECT/rtl/UART/UART_TX/MUX.v
Compiling source file /home/IC/FINAL_PROJECT/rtl/UART/UART_TX/UART_TX.v
Compiling source file /home/IC/FINAL_PROJECT/rtl/UART/UART_TX/PARITY_CALC.v
Compiling source file /home/IC/FINAL_PROJECT/rtl/UART/UART_RX/FSM.v
Compiling source file /home/IC/FINAL_PROJECT/rtl/UART/UART_RX/EDGE_BIT_COUNTER.v
Compiling source file /home/IC/FINAL_PROJECT/rtl/UART/UART_RX/DATA_SAMPLING.v
Compiling source file /home/IC/FINAL_PROJECT/rtl/UART/UART_RX/UART_RX.v
Compiling source file /home/IC/FINAL_PROJECT/rtl/UART/UART_RX/PAR_CHECK.v
Compiling source file /home/IC/FINAL_PROJECT/rtl/UART/UART_RX/DESERIALIZER.v
Compiling source file /home/IC/FINAL_PROJECT/rtl/UART/UART_RX/STOP_CHECK.v
Compiling source file /home/IC/FINAL_PROJECT/rtl/UART/UART_RX/START_CHECK.v
Compiling source file /home/IC/FINAL_PROJECT/rtl/UART/UART_TOP/UART_TOP.v
Compiling source file /home/IC/FINAL_PROJECT/rtl/ASYNC_FIFO/bit_sync.v
Compiling source file /home/IC/FINAL_PROJECT/rtl/ASYNC_FIFO/FIFO_WR.v
Compiling source file /home/IC/FINAL_PROJECT/rtl/ASYNC_FIFO/FIFO_MEM_CNTRL.v
Compiling source file /home/IC/FINAL_PROJECT/rtl/ASYNC_FIFO/ASYNC_FIFO.v
Compiling source file /home/IC/FINAL_PROJECT/rtl/ASYNC_FIFO/FIFO_RD.v
Compiling source file /home/IC/FINAL_PROJECT/rtl/RegFile/RegFile.v
Compiling source file /home/IC/FINAL_PROJECT/rtl/ALU/ALU.v
Compiling source file /home/IC/FINAL_PROJECT/rtl/DATA_SYNC/DATA_SYNC.v
Compiling source file /home/IC/FINAL_PROJECT/rtl/PULSE_GEN/PULSE_GEN.v
Presto compilation completed successfully.
Loading db file '/home/IC/tsmc_fb_cl013g_sc/aci/sc-m/synopsys/scmetro_tsmc_cl013g_rvt_ss_1p08v_125c.db'
Loading db file '/home/IC/tsmc_fb_cl013g_sc/aci/sc-m/synopsys/scmetro_tsmc_cl013g_rvt_tt_1p2v_25c.db'
Loading db file '/home/IC/tsmc_fb_cl013g_sc/aci/sc-m/synopsys/scmetro_tsmc_cl013g_rvt_ff_1p32v_m40c.db'
1
elaborate -lib work SYS_TOP
Loading db file '/opt/Synopsys/Synplify2015/libraries/syn/gtech.db'
Loading db file '/opt/Synopsys/Synplify2015/libraries/syn/standard.sldb'
  Loading link library 'scmetro_tsmc_cl013g_rvt_ss_1p08v_125c'
  Loading link library 'scmetro_tsmc_cl013g_rvt_tt_1p2v_25c'
  Loading link library 'scmetro_tsmc_cl013g_rvt_ff_1p32v_m40c'
  Loading link library 'gtech'
Running PRESTO HDLC
Presto compilation completed successfully.
Elaborated 1 design.
Current design is now 'SYS_TOP'.
Information: Building the design 'RST_SYNC' instantiated from design 'SYS_TOP' with
	the parameters "NUM_STAGES=2". (HDL-193)

Inferred memory devices in process
	in routine RST_SYNC_NUM_STAGES2 line 13 in file
		'/home/IC/FINAL_PROJECT/rtl/RST_SYNC/RST_SYNC.v'.
===============================================================================
|    Register Name    |   Type    | Width | Bus | MB | AR | AS | SR | SS | ST |
===============================================================================
|    sync_reg_reg     | Flip-flop |   2   |  Y  | N  | Y  | N  | N  | N  | N  |
===============================================================================
Presto compilation completed successfully.
Information: Building the design 'DATA_SYNC' instantiated from design 'SYS_TOP' with
	the parameters "NUM_STAGES=2,DATA_WIDTH=8". (HDL-193)

Inferred memory devices in process
	in routine DATA_SYNC_NUM_STAGES2_DATA_WIDTH8 line 26 in file
		'/home/IC/FINAL_PROJECT/rtl/DATA_SYNC/DATA_SYNC.v'.
===============================================================================
|    Register Name    |   Type    | Width | Bus | MB | AR | AS | SR | SS | ST |
===============================================================================
|  bit_sync_reg_reg   | Flip-flop |   2   |  Y  | N  | Y  | N  | N  | N  | N  |
===============================================================================

Inferred memory devices in process
	in routine DATA_SYNC_NUM_STAGES2_DATA_WIDTH8 line 39 in file
		'/home/IC/FINAL_PROJECT/rtl/DATA_SYNC/DATA_SYNC.v'.
===============================================================================
|    Register Name    |   Type    | Width | Bus | MB | AR | AS | SR | SS | ST |
===============================================================================
|    sync_bus_reg     | Flip-flop |   8   |  Y  | N  | Y  | N  | N  | N  | N  |
===============================================================================

Inferred memory devices in process
	in routine DATA_SYNC_NUM_STAGES2_DATA_WIDTH8 line 51 in file
		'/home/IC/FINAL_PROJECT/rtl/DATA_SYNC/DATA_SYNC.v'.
===============================================================================
|    Register Name    |   Type    | Width | Bus | MB | AR | AS | SR | SS | ST |
===============================================================================
|  pulse_gen_reg_reg  | Flip-flop |   1   |  N  | N  | Y  | N  | N  | N  | N  |
===============================================================================

Inferred memory devices in process
	in routine DATA_SYNC_NUM_STAGES2_DATA_WIDTH8 line 62 in file
		'/home/IC/FINAL_PROJECT/rtl/DATA_SYNC/DATA_SYNC.v'.
===============================================================================
|    Register Name    |   Type    | Width | Bus | MB | AR | AS | SR | SS | ST |
===============================================================================
|  enable_pulse_reg   | Flip-flop |   1   |  N  | N  | Y  | N  | N  | N  | N  |
===============================================================================
Presto compilation completed successfully.
Information: Building the design 'ASYNC_FIFO' instantiated from design 'SYS_TOP' with
	the parameters "DATA_WIDTH=8,ADDRES_WIDTH=4,FIFO_DEPTH=8". (HDL-193)
Presto compilation completed successfully.
Information: Building the design 'PULSE_GEN'. (HDL-193)

Inferred memory devices in process
	in routine PULSE_GEN line 14 in file
		'/home/IC/FINAL_PROJECT/rtl/PULSE_GEN/PULSE_GEN.v'.
===============================================================================
|    Register Name    |   Type    | Width | Bus | MB | AR | AS | SR | SS | ST |
===============================================================================
|    rcv_flop_reg     | Flip-flop |   1   |  N  | N  | Y  | N  | N  | N  | N  |
|   pulse_flop_reg    | Flip-flop |   1   |  N  | N  | Y  | N  | N  | N  | N  |
===============================================================================
Presto compilation completed successfully.
Information: Building the design 'ClkDiv'. (HDL-193)

Inferred memory devices in process
	in routine ClkDiv line 28 in file
		'/home/IC/FINAL_PROJECT/rtl/CLOCK_DIV/ClkDiv.v'.
===============================================================================
|    Register Name    |   Type    | Width | Bus | MB | AR | AS | SR | SS | ST |
===============================================================================
|  odd_edge_tog_reg   | Flip-flop |   1   |  N  | N  | N  | Y  | N  | N  | N  |
|     div_clk_reg     | Flip-flop |   1   |  N  | N  | Y  | N  | N  | N  | N  |
|      count_reg      | Flip-flop |   7   |  Y  | N  | Y  | N  | N  | N  | N  |
===============================================================================
Presto compilation completed successfully.
Information: Building the design 'CLKDIV_MUX'. (HDL-193)

Statistics for case statements in always block at line 8 in file
	'/home/IC/FINAL_PROJECT/rtl/CLKDIV_MUX/CLKDIV_MUX.v'
===============================================
|           Line           |  full/ parallel  |
===============================================
|            11            |    auto/auto     |
===============================================
Presto compilation completed successfully.
Information: Building the design 'UART_TOP'. (HDL-193)
Presto compilation completed successfully.
Information: Building the design 'SYS_CTRL'. (HDL-193)

Statistics for case statements in always block at line 80 in file
	'/home/IC/FINAL_PROJECT/rtl/SYS_CONTROL/SYS_CTRL.v'
===============================================
|           Line           |  full/ parallel  |
===============================================
|            83            |    auto/auto     |
|            88            |    auto/auto     |
===============================================

Statistics for case statements in always block at line 165 in file
	'/home/IC/FINAL_PROJECT/rtl/SYS_CONTROL/SYS_CTRL.v'
===============================================
|           Line           |  full/ parallel  |
===============================================
|           179            |    auto/auto     |
===============================================

Inferred memory devices in process
	in routine SYS_CTRL line 71 in file
		'/home/IC/FINAL_PROJECT/rtl/SYS_CONTROL/SYS_CTRL.v'.
===============================================================================
|    Register Name    |   Type    | Width | Bus | MB | AR | AS | SR | SS | ST |
===============================================================================
|  current_state_reg  | Flip-flop |   4   |  Y  | N  | Y  | N  | N  | N  | N  |
===============================================================================

Inferred memory devices in process
	in routine SYS_CTRL line 317 in file
		'/home/IC/FINAL_PROJECT/rtl/SYS_CONTROL/SYS_CTRL.v'.
==================================================================================
|     Register Name      |   Type    | Width | Bus | MB | AR | AS | SR | SS | ST |
==================================================================================
| STORE_ADDRESS_DATA_reg | Flip-flop |   4   |  Y  | N  | Y  | N  | N  | N  | N  |
==================================================================================

Inferred memory devices in process
	in routine SYS_CTRL line 326 in file
		'/home/IC/FINAL_PROJECT/rtl/SYS_CONTROL/SYS_CTRL.v'.
=========================================================================================
|         Register Name         |   Type    | Width | Bus | MB | AR | AS | SR | SS | ST |
=========================================================================================
| STORE_2ND_BYTE_OF_ALU_OUT_reg | Flip-flop |   8   |  Y  | N  | Y  | N  | N  | N  | N  |
=========================================================================================
Presto compilation completed successfully.
Information: Building the design 'RegFile'. (HDL-193)

Inferred memory devices in process
	in routine RegFile line 25 in file
		'/home/IC/FINAL_PROJECT/rtl/RegFile/RegFile.v'.
===============================================================================
|    Register Name    |   Type    | Width | Bus | MB | AR | AS | SR | SS | ST |
===============================================================================
|     regArr_reg      | Flip-flop |  125  |  Y  | N  | Y  | N  | N  | N  | N  |
|     regArr_reg      | Flip-flop |   3   |  Y  | N  | N  | Y  | N  | N  | N  |
|   RdData_VLD_reg    | Flip-flop |   1   |  N  | N  | Y  | N  | N  | N  | N  |
|     RdData_reg      | Flip-flop |   8   |  Y  | N  | Y  | N  | N  | N  | N  |
===============================================================================
Statistics for MUX_OPs
===========================================================
| block name/line  | Inputs | Outputs | # sel inputs | MB |
===========================================================
|    RegFile/47    |   16   |    8    |      4       | N  |
===========================================================
Presto compilation completed successfully.
Information: Building the design 'ALU'. (HDL-193)

Statistics for case statements in always block at line 36 in file
	'/home/IC/FINAL_PROJECT/rtl/ALU/ALU.v'
===============================================
|           Line           |  full/ parallel  |
===============================================
|            43            |    auto/auto     |
===============================================

Inferred memory devices in process
	in routine ALU line 21 in file
		'/home/IC/FINAL_PROJECT/rtl/ALU/ALU.v'.
===============================================================================
|    Register Name    |   Type    | Width | Bus | MB | AR | AS | SR | SS | ST |
===============================================================================
|     ALU_OUT_reg     | Flip-flop |  16   |  Y  | N  | Y  | N  | N  | N  | N  |
|    OUT_VALID_reg    | Flip-flop |   1   |  N  | N  | Y  | N  | N  | N  | N  |
===============================================================================
Presto compilation completed successfully.
Information: Building the design 'CLK_GATE'. (HDL-193)
Presto compilation completed successfully.
Information: Building the design 'FIFO_WR' instantiated from design 'ASYNC_FIFO_ADDRES_WIDTH4_DATA_WIDTH8_FIFO_DEPTH8' with
	the parameters "ADDRES_WIDTH=4". (HDL-193)

Inferred memory devices in process
	in routine FIFO_WR_ADDRES_WIDTH4 line 25 in file
		'/home/IC/FINAL_PROJECT/rtl/ASYNC_FIFO/FIFO_WR.v'.
===============================================================================
|    Register Name    |   Type    | Width | Bus | MB | AR | AS | SR | SS | ST |
===============================================================================
|   ADD_COUNTER_reg   | Flip-flop |   4   |  Y  | N  | Y  | N  | N  | N  | N  |
===============================================================================

Inferred memory devices in process
	in routine FIFO_WR_ADDRES_WIDTH4 line 34 in file
		'/home/IC/FINAL_PROJECT/rtl/ASYNC_FIFO/FIFO_WR.v'.
===============================================================================
|    Register Name    |   Type    | Width | Bus | MB | AR | AS | SR | SS | ST |
===============================================================================
|   GRAY_W_ADD_reg    | Flip-flop |   4   |  Y  | N  | Y  | N  | N  | N  | N  |
===============================================================================
Presto compilation completed successfully.
Information: Building the design 'FIFO_RD' instantiated from design 'ASYNC_FIFO_ADDRES_WIDTH4_DATA_WIDTH8_FIFO_DEPTH8' with
	the parameters "ADDRES_WIDTH=4". (HDL-193)

Inferred memory devices in process
	in routine FIFO_RD_ADDRES_WIDTH4 line 20 in file
		'/home/IC/FINAL_PROJECT/rtl/ASYNC_FIFO/FIFO_RD.v'.
===============================================================================
|    Register Name    |   Type    | Width | Bus | MB | AR | AS | SR | SS | ST |
===============================================================================
|  R_ADD_COUNTER_reg  | Flip-flop |   4   |  Y  | N  | Y  | N  | N  | N  | N  |
===============================================================================

Inferred memory devices in process
	in routine FIFO_RD_ADDRES_WIDTH4 line 32 in file
		'/home/IC/FINAL_PROJECT/rtl/ASYNC_FIFO/FIFO_RD.v'.
===============================================================================
|    Register Name    |   Type    | Width | Bus | MB | AR | AS | SR | SS | ST |
===============================================================================
|   GRAY_R_ADD_reg    | Flip-flop |   4   |  Y  | N  | Y  | N  | N  | N  | N  |
===============================================================================
Presto compilation completed successfully.
Information: Building the design 'FIFO_MEM_CNTRL' instantiated from design 'ASYNC_FIFO_ADDRES_WIDTH4_DATA_WIDTH8_FIFO_DEPTH8' with
	the parameters "ADDRES_WIDTH=4,DATA_WIDTH=8,FIFO_DEPTH=8". (HDL-193)

Inferred memory devices in process
	in routine FIFO_MEM_CNTRL_ADDRES_WIDTH4_DATA_WIDTH8_FIFO_DEPTH8 line 27 in file
		'/home/IC/FINAL_PROJECT/rtl/ASYNC_FIFO/FIFO_MEM_CNTRL.v'.
===============================================================================
|    Register Name    |   Type    | Width | Bus | MB | AR | AS | SR | SS | ST |
===============================================================================
|     MEMORY_reg      | Flip-flop |  64   |  Y  | N  | Y  | N  | N  | N  | N  |
===============================================================================
Statistics for MUX_OPs
==================================================================================================
|                    block name/line                      | Inputs | Outputs | # sel inputs | MB |
==================================================================================================
| FIFO_MEM_CNTRL_ADDRES_WIDTH4_DATA_WIDTH8_FIFO_DEPTH8/42 |   8    |    8    |      3       | N  |
==================================================================================================
Presto compilation completed successfully.
Information: Building the design 'BIT_SYNC' instantiated from design 'ASYNC_FIFO_ADDRES_WIDTH4_DATA_WIDTH8_FIFO_DEPTH8' with
	the parameters "NUM_STAGES=2,BUS_WIDTH=4". (HDL-193)

Inferred memory devices in process
	in routine BIT_SYNC_NUM_STAGES2_BUS_WIDTH4 line 20 in file
		'/home/IC/FINAL_PROJECT/rtl/ASYNC_FIFO/bit_sync.v'.
===============================================================================
|    Register Name    |   Type    | Width | Bus | MB | AR | AS | SR | SS | ST |
===============================================================================
|    sync_reg_reg     | Flip-flop |   8   |  Y  | N  | Y  | N  | N  | N  | N  |
===============================================================================
Presto compilation completed successfully.
Information: Building the design 'UART_TX' instantiated from design 'UART_TOP' with
	the parameters "DATA_WIDTH=8". (HDL-193)
Presto compilation completed successfully.
Information: Building the design 'UART_RX' instantiated from design 'UART_TOP' with
	the parameters "DATA_WIDTH=8". (HDL-193)
Presto compilation completed successfully.
Information: Building the design 'SERIALIZER' instantiated from design 'UART_TX_DATA_WIDTH8' with
	the parameters "DATA_WIDTH=8,COUNT=3". (HDL-193)
Warning:  /home/IC/FINAL_PROJECT/rtl/UART/UART_TX/SERIALIZER.v:41: signed to unsigned conversion occurs. (VER-318)

Inferred memory devices in process
	in routine SERIALIZER_DATA_WIDTH8_COUNT3 line 21 in file
		'/home/IC/FINAL_PROJECT/rtl/UART/UART_TX/SERIALIZER.v'.
===============================================================================
|    Register Name    |   Type    | Width | Bus | MB | AR | AS | SR | SS | ST |
===============================================================================
|    SER_DONE_reg     | Flip-flop |   1   |  N  | N  | Y  | N  | N  | N  | N  |
|    register_reg     | Flip-flop |   8   |  Y  | N  | Y  | N  | N  | N  | N  |
|     counter_reg     | Flip-flop |   3   |  Y  | N  | Y  | N  | N  | N  | N  |
|    ser_data_reg     | Flip-flop |   1   |  N  | N  | Y  | N  | N  | N  | N  |
===============================================================================
Presto compilation completed successfully.
Information: Building the design 'FSM_tx' instantiated from design 'UART_TX_DATA_WIDTH8' with
	the parameters "MUX_WIDTH=2". (HDL-193)

Statistics for case statements in always block at line 46 in file
	'/home/IC/FINAL_PROJECT/rtl/UART/UART_TX/FSM_tx.v'
===============================================
|           Line           |  full/ parallel  |
===============================================
|            47            |    auto/auto     |
===============================================

Statistics for case statements in always block at line 77 in file
	'/home/IC/FINAL_PROJECT/rtl/UART/UART_TX/FSM_tx.v'
===============================================
|           Line           |  full/ parallel  |
===============================================
|            83            |    auto/auto     |
===============================================

Inferred memory devices in process
	in routine FSM_tx_MUX_WIDTH2 line 36 in file
		'/home/IC/FINAL_PROJECT/rtl/UART/UART_TX/FSM_tx.v'.
===============================================================================
|    Register Name    |   Type    | Width | Bus | MB | AR | AS | SR | SS | ST |
===============================================================================
|  current_state_reg  | Flip-flop |   3   |  Y  | N  | Y  | N  | N  | N  | N  |
===============================================================================

Inferred memory devices in process
	in routine FSM_tx_MUX_WIDTH2 line 123 in file
		'/home/IC/FINAL_PROJECT/rtl/UART/UART_TX/FSM_tx.v'.
===============================================================================
|    Register Name    |   Type    | Width | Bus | MB | AR | AS | SR | SS | ST |
===============================================================================
|      BUSY_reg       | Flip-flop |   1   |  N  | N  | Y  | N  | N  | N  | N  |
===============================================================================
Presto compilation completed successfully.
Information: Building the design 'PARITY_CALC' instantiated from design 'UART_TX_DATA_WIDTH8' with
	the parameters "DATA_WIDTH=8". (HDL-193)

Inferred memory devices in process
	in routine PARITY_CALC_DATA_WIDTH8 line 17 in file
		'/home/IC/FINAL_PROJECT/rtl/UART/UART_TX/PARITY_CALC.v'.
===============================================================================
|    Register Name    |   Type    | Width | Bus | MB | AR | AS | SR | SS | ST |
===============================================================================
|     par_bit_reg     | Flip-flop |   1   |  N  | N  | Y  | N  | N  | N  | N  |
===============================================================================
Presto compilation completed successfully.
Information: Building the design 'MUX' instantiated from design 'UART_TX_DATA_WIDTH8' with
	the parameters "MUX_WIDTH=2". (HDL-193)
Warning:  /home/IC/FINAL_PROJECT/rtl/UART/UART_TX/MUX.v:25: DEFAULT branch of CASE statement cannot be reached. (ELAB-311)

Statistics for case statements in always block at line 19 in file
	'/home/IC/FINAL_PROJECT/rtl/UART/UART_TX/MUX.v'
===============================================
|           Line           |  full/ parallel  |
===============================================
|            25            |    auto/auto     |
===============================================

Inferred memory devices in process
	in routine MUX_MUX_WIDTH2 line 19 in file
		'/home/IC/FINAL_PROJECT/rtl/UART/UART_TX/MUX.v'.
===============================================================================
|    Register Name    |   Type    | Width | Bus | MB | AR | AS | SR | SS | ST |
===============================================================================
|     TX_OUT_reg      | Flip-flop |   1   |  N  | N  | N  | Y  | N  | N  | N  |
===============================================================================
Presto compilation completed successfully.
Information: Building the design 'EDGE_BIT_COUNTER'. (HDL-193)

Inferred memory devices in process
	in routine EDGE_BIT_COUNTER line 12 in file
		'/home/IC/FINAL_PROJECT/rtl/UART/UART_RX/EDGE_BIT_COUNTER.v'.
===============================================================================
|    Register Name    |   Type    | Width | Bus | MB | AR | AS | SR | SS | ST |
===============================================================================
|     bit_cnt_reg     | Flip-flop |   4   |  Y  | N  | Y  | N  | N  | N  | N  |
|    edge_cnt_reg     | Flip-flop |   6   |  Y  | N  | Y  | N  | N  | N  | N  |
===============================================================================
Presto compilation completed successfully.
Information: Building the design 'DESERIALIZER' instantiated from design 'UART_RX_DATA_WIDTH8' with
	the parameters "DATA_WIDTH=8". (HDL-193)

Inferred memory devices in process
	in routine DESERIALIZER_DATA_WIDTH8 line 16 in file
		'/home/IC/FINAL_PROJECT/rtl/UART/UART_RX/DESERIALIZER.v'.
===============================================================================
|    Register Name    |   Type    | Width | Bus | MB | AR | AS | SR | SS | ST |
===============================================================================
|     P_DATA_reg      | Flip-flop |   8   |  Y  | N  | Y  | N  | N  | N  | N  |
===============================================================================
Presto compilation completed successfully.
Information: Building the design 'START_CHECK'. (HDL-193)

Inferred memory devices in process
	in routine START_CHECK line 12 in file
		'/home/IC/FINAL_PROJECT/rtl/UART/UART_RX/START_CHECK.v'.
===============================================================================
|    Register Name    |   Type    | Width | Bus | MB | AR | AS | SR | SS | ST |
===============================================================================
|  start_glitch_reg   | Flip-flop |   1   |  N  | N  | Y  | N  | N  | N  | N  |
===============================================================================
Presto compilation completed successfully.
Information: Building the design 'STOP_CHECK'. (HDL-193)

Inferred memory devices in process
	in routine STOP_CHECK line 12 in file
		'/home/IC/FINAL_PROJECT/rtl/UART/UART_RX/STOP_CHECK.v'.
===============================================================================
|    Register Name    |   Type    | Width | Bus | MB | AR | AS | SR | SS | ST |
===============================================================================
|    stop_err_reg     | Flip-flop |   1   |  N  | N  | Y  | N  | N  | N  | N  |
===============================================================================
Presto compilation completed successfully.
Information: Building the design 'PAR_CHECK' instantiated from design 'UART_RX_DATA_WIDTH8' with
	the parameters "DATA_WIDTH=8". (HDL-193)

Inferred memory devices in process
	in routine PAR_CHECK_DATA_WIDTH8 line 23 in file
		'/home/IC/FINAL_PROJECT/rtl/UART/UART_RX/PAR_CHECK.v'.
===============================================================================
|    Register Name    |   Type    | Width | Bus | MB | AR | AS | SR | SS | ST |
===============================================================================
|     par_err_reg     | Flip-flop |   1   |  N  | N  | Y  | N  | N  | N  | N  |
===============================================================================
Presto compilation completed successfully.
Information: Building the design 'DATA_SAMPLING'. (HDL-193)

Inferred memory devices in process
	in routine DATA_SAMPLING line 17 in file
		'/home/IC/FINAL_PROJECT/rtl/UART/UART_RX/DATA_SAMPLING.v'.
=================================================================================
|     Register Name     |   Type    | Width | Bus | MB | AR | AS | SR | SS | ST |
=================================================================================
|     sample_2_reg      | Flip-flop |   1   |  N  | N  | Y  | N  | N  | N  | N  |
|    sampled_bit_reg    | Flip-flop |   1   |  N  | N  | Y  | N  | N  | N  | N  |
|     sample_3_reg      | Flip-flop |   1   |  N  | N  | Y  | N  | N  | N  | N  |
| sampled_bit_valid_reg | Flip-flop |   1   |  N  | N  | Y  | N  | N  | N  | N  |
|     sample_1_reg      | Flip-flop |   1   |  N  | N  | Y  | N  | N  | N  | N  |
=================================================================================
Presto compilation completed successfully.
Information: Building the design 'FSM'. (HDL-193)

Statistics for case statements in always block at line 43 in file
	'/home/IC/FINAL_PROJECT/rtl/UART/UART_RX/FSM.v'
===============================================
|           Line           |  full/ parallel  |
===============================================
|            45            |    auto/auto     |
===============================================

Statistics for case statements in always block at line 109 in file
	'/home/IC/FINAL_PROJECT/rtl/UART/UART_RX/FSM.v'
===============================================
|           Line           |  full/ parallel  |
===============================================
|           118            |    auto/auto     |
===============================================

Inferred memory devices in process
	in routine FSM line 35 in file
		'/home/IC/FINAL_PROJECT/rtl/UART/UART_RX/FSM.v'.
===============================================================================
|    Register Name    |   Type    | Width | Bus | MB | AR | AS | SR | SS | ST |
===============================================================================
|  current_state_reg  | Flip-flop |   3   |  Y  | N  | Y  | N  | N  | N  | N  |
===============================================================================
Presto compilation completed successfully.
1
###################### Defining toplevel ###################################
current_design $top_module
Current design is 'SYS_TOP'.
{SYS_TOP}
#################### Liniking All The Design Parts #########################
puts "###############################################"
###############################################
puts "######## Liniking All The Design Parts ########"
######## Liniking All The Design Parts ########
puts "###############################################"
###############################################
link 

  Linking design 'SYS_TOP'
  Using the following designs and libraries:
  --------------------------------------------------------------------------
  * (29 designs)              /home/IC/FINAL_PROJECT/syn/SYS_TOP.db, etc
  scmetro_tsmc_cl013g_rvt_ss_1p08v_125c (library) /home/IC/tsmc_fb_cl013g_sc/aci/sc-m/synopsys/scmetro_tsmc_cl013g_rvt_ss_1p08v_125c.db
  scmetro_tsmc_cl013g_rvt_tt_1p2v_25c (library) /home/IC/tsmc_fb_cl013g_sc/aci/sc-m/synopsys/scmetro_tsmc_cl013g_rvt_tt_1p2v_25c.db
  scmetro_tsmc_cl013g_rvt_ff_1p32v_m40c (library) /home/IC/tsmc_fb_cl013g_sc/aci/sc-m/synopsys/scmetro_tsmc_cl013g_rvt_ff_1p32v_m40c.db

1
#################### Liniking All The Design Parts #########################
puts "###############################################"
###############################################
puts "######## checking design consistency ##########"
######## checking design consistency ##########
puts "###############################################"
###############################################
check_design 
 
****************************************
check_design summary:
Version:     K-2015.06
Date:        Tue Sep 30 08:45:42 2025
****************************************

                   Name                                            Total
--------------------------------------------------------------------------------
Inputs/Outputs                                                     10
    Unconnected ports (LINT-28)                                     1
    Shorted outputs (LINT-31)                                       4
    Constant outputs (LINT-52)                                      5

Cells                                                              20
    Cells do not drive (LINT-1)                                    18
    Connected to power or ground (LINT-32)                          2
--------------------------------------------------------------------------------

Warning: In design 'ClkDiv', cell 'C120' does not drive any nets. (LINT-1)
Warning: In design 'ALU', cell 'C365' does not drive any nets. (LINT-1)
Warning: In design 'ALU', cell 'C366' does not drive any nets. (LINT-1)
Warning: In design 'ALU', cell 'C367' does not drive any nets. (LINT-1)
Warning: In design 'ALU', cell 'C371' does not drive any nets. (LINT-1)
Warning: In design 'ALU', cell 'C396' does not drive any nets. (LINT-1)
Warning: In design 'ALU', cell 'C398' does not drive any nets. (LINT-1)
Warning: In design 'ALU', cell 'C400' does not drive any nets. (LINT-1)
Warning: In design 'FIFO_WR_ADDRES_WIDTH4', cell 'C62' does not drive any nets. (LINT-1)
Warning: In design 'FIFO_RD_ADDRES_WIDTH4', cell 'C56' does not drive any nets. (LINT-1)
Warning: In design 'SERIALIZER_DATA_WIDTH8_COUNT3', cell 'C105' does not drive any nets. (LINT-1)
Warning: In design 'EDGE_BIT_COUNTER', cell 'C83' does not drive any nets. (LINT-1)
Warning: In design 'EDGE_BIT_COUNTER', cell 'C84' does not drive any nets. (LINT-1)
Warning: In design 'DATA_SAMPLING', cell 'C87' does not drive any nets. (LINT-1)
Warning: In design 'FSM', cell 'B_17' does not drive any nets. (LINT-1)
Warning: In design 'FSM', cell 'B_18' does not drive any nets. (LINT-1)
Warning: In design 'FSM', cell 'B_19' does not drive any nets. (LINT-1)
Warning: In design 'FSM', cell 'C277' does not drive any nets. (LINT-1)
Warning: In design 'DATA_SAMPLING', port 'prescale[0]' is not connected to any nets. (LINT-28)
Warning: In design 'CLKDIV_MUX', output port 'OUT[7]' is connected directly to output port 'OUT[4]'. (LINT-31)
Warning: In design 'CLKDIV_MUX', output port 'OUT[7]' is connected directly to output port 'OUT[5]'. (LINT-31)
Warning: In design 'CLKDIV_MUX', output port 'OUT[7]' is connected directly to output port 'OUT[6]'. (LINT-31)
Warning: In design 'FSM', output port 'count_enable' is connected directly to output port 'data_sampl_en'. (LINT-31)
Warning: In design 'UART_TX_DATA_WIDTH8', a pin on submodule 'U4' is connected to logic 1 or logic 0. (LINT-32)
   Pin 'start_bit' is connected to logic 0. 
Warning: In design 'UART_TX_DATA_WIDTH8', a pin on submodule 'U4' is connected to logic 1 or logic 0. (LINT-32)
   Pin 'stop_bit' is connected to logic 1. 
Warning: In design 'CLKDIV_MUX', output port 'OUT[7]' is connected directly to 'logic 0'. (LINT-52)
Warning: In design 'CLKDIV_MUX', output port 'OUT[6]' is connected directly to 'logic 0'. (LINT-52)
Warning: In design 'CLKDIV_MUX', output port 'OUT[5]' is connected directly to 'logic 0'. (LINT-52)
Warning: In design 'CLKDIV_MUX', output port 'OUT[4]' is connected directly to 'logic 0'. (LINT-52)
Warning: In design 'SYS_CTRL', output port 'CLK_DIV_EN' is connected directly to 'logic 1'. (LINT-52)
1
############################### Path groups ################################
puts "###############################################"
###############################################
puts "################ Path groups ##################"
################ Path groups ##################
puts "###############################################"
###############################################
group_path -name INREG -from [all_inputs]
1
group_path -name REGOUT -to [all_outputs]
1
group_path -name INOUT -from [all_inputs] -to [all_outputs]
1
#################### Define Design Constraints #########################
puts "###############################################"
###############################################
puts "############ Design Constraints #### ##########"
############ Design Constraints #### ##########
puts "###############################################"
###############################################
source -echo ./cons.tcl
####################################################################################
# Constraints
# ----------------------------------------------------------------------------
#
# 0. Design Compiler variables
#
# 1. Master Clock Definitions
#
# 2. Generated Clock Definitions
#
# 3. Clock Uncertainties
#
# 4. Clock Latencies 
#
# 5. Clock Relationships
#
# 6. #set input/output delay on ports
#
# 7. Driving cells
#
# 8. Output load
####################################################################################
#########################################################
#### Section 0 : DC Variables ####
#########################################################
#################################################################################### 
# Prevent assign statements in the generated netlist (must be applied before compile command)
set_fix_multiple_port_nets -all -buffer_constants -feedthroughs
####################################################################################
#########################################################
#### Section 1 : Clock Definition ####
#########################################################
#################################################################################### 
# 1. Master Clock Definitions 
# 2. Generated Clock Definitions
# 3. Clock Latencies
# 4. Clock Uncertainties
# 4. Clock Transitions
####################################################################################
# REF CLK = 50 MHz
set CLK_REF_NAME REF_CLK
set CLK_PER 20
# UART CLK = 3.686 MHz
set CLK_UART_NAME UART_CLK
set CLK_UART_PER 271.267
# uncertainty
set CLK_SETUP_SKEW 0.2
set CLK_HOLD_SKEW 0.1
# transition
set CLK_RISE 0.05
set CLK_FALL 0.05
#1. Master Clocks
create_clock -name $CLK_REF_NAME -period $CLK_PER [get_ports REF_CLK]
set_clock_uncertainty -setup $CLK_SETUP_SKEW [get_clocks $CLK_REF_NAME]
set_clock_uncertainty -hold $CLK_HOLD_SKEW  [get_clocks $CLK_REF_NAME]
set_clock_transition -rise $CLK_RISE  [get_clocks $CLK_REF_NAME]
set_clock_transition -fall $CLK_FALL  [get_clocks $CLK_REF_NAME]
create_clock -name $CLK_UART_NAME -period $CLK_UART_PER [get_ports UART_CLK]
set_clock_uncertainty -setup $CLK_SETUP_SKEW [get_clocks $CLK_UART_NAME]
set_clock_uncertainty -hold $CLK_HOLD_SKEW  [get_clocks $CLK_UART_NAME]
set_clock_transition -rise $CLK_RISE  [get_clocks $CLK_UART_NAME]
set_clock_transition -fall $CLK_FALL  [get_clocks $CLK_UART_NAME]
#2. Generated clocks
create_generated_clock -master_clock $CLK_UART_NAME -source [get_ports UART_CLK]                        -name "UART_RX_CLK" [get_ports Clk_Div_RX_Prescale/o_div_clk] -divide_by 1
set_clock_uncertainty -setup $CLK_SETUP_SKEW [get_clocks "UART_RX_CLK"]
set_clock_uncertainty -hold $CLK_HOLD_SKEW   [get_clocks "UART_RX_CLK"]
create_generated_clock -master_clock $CLK_UART_NAME -source [get_ports UART_CLK]                        -name "UART_TX_CLK" [get_ports Clk_Div_TX_CONS/o_div_clk] -divide_by 32
set_clock_uncertainty -setup $CLK_SETUP_SKEW [get_clocks "UART_TX_CLK"]
set_clock_uncertainty -hold $CLK_HOLD_SKEW   [get_clocks "UART_TX_CLK"]
create_generated_clock -master_clock $CLK_REF_NAME -source [get_ports REF_CLK]                        -name "ALU_CLK" [get_ports U_CLK_GATE/gated_clk] -divide_by 1
set_clock_uncertainty -setup $CLK_SETUP_SKEW [get_clocks "ALU_CLK"]
set_clock_uncertainty -hold $CLK_HOLD_SKEW   [get_clocks "ALU_CLK"]
set_dont_touch_network [get_clocks "$CLK_REF_NAME $CLK_UART_NAME ALU_CLK UART_RX_CLK UART_TX_CLK"]
set_dont_touch_network [get_ports RST_N]
####################################################################################
#########################################################
#### Section 2 : Clocks Relationship ####
#########################################################
####################################################################################
set_clock_groups -asynchronous -group [get_clocks "$CLK_REF_NAME ALU_CLK"]                                 -group [get_clocks "$CLK_UART_NAME UART_TX_CLK UART_RX_CLK"]
####################################################################################
#########################################################
#### Section 3 : set input/output delay on ports ####
#########################################################
####################################################################################
set in_delay_tx  [expr 0.2*$CLK_UART_PER*32]
set out_delay_tx [expr 0.2*$CLK_UART_PER*32]
set in_delay_rx  [expr 0.2*$CLK_UART_PER]
set out_delay_rx [expr 0.2*$CLK_UART_PER]
#Constrain Input Paths
set_input_delay $in_delay_rx -clock UART_RX_CLK [get_ports UART_RX_IN]
#Constrain Output Paths
set_output_delay $out_delay_tx -clock UART_TX_CLK [get_ports UART_TX_O]
set_output_delay $out_delay_rx -clock UART_RX_CLK [get_ports parity_error]
set_output_delay $out_delay_rx -clock UART_RX_CLK [get_ports framing_error]
####################################################################################
#########################################################
#### Section 4 : Driving cells ####
#########################################################
####################################################################################
set_driving_cell -library scmetro_tsmc_cl013g_rvt_ss_1p08v_125c -lib_cell BUFX2M -pin Y [get_ports UART_RX_IN]
Warning: Design rule attributes from the driving cell will be
	set on the port. (UID-401)
####################################################################################
#########################################################
#### Section 5 : Output load ####
#########################################################
####################################################################################
set_load 0.1 [get_port UART_TX_O]
set_load 0.1 [get_port parity_error]
set_load 0.1 [get_port framing_error]
####################################################################################
#########################################################
#### Section 6 : Operating Condition ####
#########################################################
####################################################################################
# Define the Worst Library for Max(#setup) analysis
# Define the Best Library for Min(hold) analysis
set_operating_conditions -min_library "scmetro_tsmc_cl013g_rvt_ff_1p32v_m40c" -min "scmetro_tsmc_cl013g_rvt_ff_1p32v_m40c" -max_library "scmetro_tsmc_cl013g_rvt_ss_1p08v_125c" -max "scmetro_tsmc_cl013g_rvt_ss_1p08v_125c"
Using operating conditions 'scmetro_tsmc_cl013g_rvt_ss_1p08v_125c' found in library 'scmetro_tsmc_cl013g_rvt_ss_1p08v_125c'.
Using operating conditions 'scmetro_tsmc_cl013g_rvt_ff_1p32v_m40c' found in library 'scmetro_tsmc_cl013g_rvt_ff_1p32v_m40c'.
####################################################################################
#########################################################
#### Section 7 : wireload Model ####
#########################################################
####################################################################################
#set_wire_load_model -name tsmc13_wl20 -library scmetro_tsmc_cl013g_rvt_ss_1p08v_125c
####################################################################################
#########################################################
#### Section 8 : premapped cells ####
#########################################################
####################################################################################
####################################################################################
###################### Mapping and optimization ########################
puts "###############################################"
###############################################
puts "########## Mapping & Optimization #############"
########## Mapping & Optimization #############
puts "###############################################"
###############################################
compile -map_effort high
Information: Evaluating DesignWare library utilization. (UISN-27)

============================================================================
| DesignWare Building Block Library  |         Version         | Available |
============================================================================
| Basic DW Building Blocks           | K-2015.06-DWBB_201506.0 |     *     |
| Licensed DW Building Blocks        |                         |           |
============================================================================


Information: There are 30 potential problems in your design. Please run 'check_design' for more information. (LINT-99)


Warning: Operating condition scmetro_tsmc_cl013g_rvt_ss_1p08v_125c set on design SYS_TOP has different process,
voltage and temperatures parameters than the parameters at which target library 
scmetro_tsmc_cl013g_rvt_tt_1p2v_25c is characterized. Delays may be inaccurate as a result. (OPT-998)

  Beginning Pass 1 Mapping
  ------------------------
  Processing 'CLK_GATE'
  Processing 'ALU'
  Processing 'RegFile'
  Processing 'SYS_CTRL'
  Processing 'FSM'
  Processing 'DATA_SAMPLING'
  Processing 'PAR_CHECK_DATA_WIDTH8'
  Processing 'STOP_CHECK'
  Processing 'START_CHECK'
  Processing 'DESERIALIZER_DATA_WIDTH8'
  Processing 'EDGE_BIT_COUNTER'
  Processing 'UART_RX_DATA_WIDTH8'
  Processing 'MUX_MUX_WIDTH2'
  Processing 'PARITY_CALC_DATA_WIDTH8'
  Processing 'FSM_tx_MUX_WIDTH2'
  Processing 'SERIALIZER_DATA_WIDTH8_COUNT3'
Information: The register 'register_reg[7]' is a constant and will be removed. (OPT-1206)
  Processing 'UART_TX_DATA_WIDTH8'
  Processing 'UART_TOP'
  Processing 'ClkDiv_0'
  Processing 'CLKDIV_MUX'
  Processing 'PULSE_GEN'
  Processing 'BIT_SYNC_NUM_STAGES2_BUS_WIDTH4_0'
  Processing 'FIFO_MEM_CNTRL_ADDRES_WIDTH4_DATA_WIDTH8_FIFO_DEPTH8'
  Processing 'FIFO_RD_ADDRES_WIDTH4'
  Processing 'FIFO_WR_ADDRES_WIDTH4'
  Processing 'ASYNC_FIFO_ADDRES_WIDTH4_DATA_WIDTH8_FIFO_DEPTH8'
  Processing 'DATA_SYNC_NUM_STAGES2_DATA_WIDTH8'
  Processing 'RST_SYNC_NUM_STAGES2_0'
  Processing 'SYS_TOP'

  Updating timing information
Information: Updating design information... (UID-85)

  Beginning Implementation Selection
  ----------------------------------
  Processing 'ALU_DW_div_uns_0'
  Processing 'ALU_DW01_sub_0'
  Processing 'ALU_DW01_add_0'
  Processing 'ALU_DW01_cmp6_0'
  Processing 'FSM_DW01_cmp6_0'
  Processing 'FSM_DW01_sub_0'
  Processing 'FSM_DW01_cmp6_1'
  Processing 'FSM_DW01_dec_0'
  Processing 'DATA_SAMPLING_DW01_cmp6_0'
  Processing 'DATA_SAMPLING_DW01_inc_0'
  Processing 'DATA_SAMPLING_DW01_cmp6_1'
  Processing 'DATA_SAMPLING_DW01_cmp6_2'
  Processing 'DATA_SAMPLING_DW01_dec_0'
  Processing 'DATA_SAMPLING_DW01_cmp6_3'
  Processing 'DATA_SAMPLING_DW01_sub_0'
  Processing 'EDGE_BIT_COUNTER_DW01_inc_0'
  Processing 'EDGE_BIT_COUNTER_DW01_cmp6_0'
  Processing 'EDGE_BIT_COUNTER_DW01_dec_0'
  Processing 'ClkDiv_1_DW01_inc_0'
  Processing 'ClkDiv_1_DW01_cmp6_0'
  Processing 'ClkDiv_1_DW01_cmp6_1'
  Processing 'ClkDiv_1_DW01_dec_0'
  Processing 'ClkDiv_0_DW01_inc_0'
  Processing 'ClkDiv_0_DW01_cmp6_0'
  Processing 'ClkDiv_0_DW01_cmp6_1'
  Processing 'ClkDiv_0_DW01_dec_0'
  Processing 'ALU_DW02_mult_0'
  Processing 'ALU_DW01_add_1'

  Beginning Mapping Optimizations  (High effort)
  -------------------------------
  Mapping Optimization (Phase 1)

                                  TOTAL                                      
   ELAPSED            WORST NEG   SETUP    DESIGN                            
    TIME      AREA      SLACK     COST    RULE COST         ENDPOINT         
  --------- --------- --------- --------- --------- -------------------------
    0:00:17   43922.7      0.00       0.0       0.2                          
    0:00:18   43922.7      0.00       0.0       0.2                          
    0:00:18   43922.7      0.00       0.0       0.2                          
    0:00:18   43922.7      0.00       0.0       0.2                          
    0:00:18   43922.7      0.00       0.0       0.2                          
    0:00:21   22585.6      0.00       0.0       0.0                          
    0:00:21   22543.2      0.00       0.0       0.0                          
    0:00:22   22543.2      0.00       0.0       0.0                          
    0:00:22   22543.2      0.00       0.0       0.0                          
    0:00:22   22524.4      0.00       0.0       0.0                          
    0:00:22   22524.4      0.00       0.0       0.0                          
    0:00:22   22524.4      0.00       0.0       0.0                          
    0:00:22   22524.4      0.00       0.0       0.0                          
    0:00:22   22524.4      0.00       0.0       0.0                          



  Beginning Delay Optimization Phase
  ----------------------------------

                                  TOTAL                                      
   ELAPSED            WORST NEG   SETUP    DESIGN                            
    TIME      AREA      SLACK     COST    RULE COST         ENDPOINT         
  --------- --------- --------- --------- --------- -------------------------
    0:00:22   22524.4      0.00       0.0       0.0                          
    0:00:22   22524.4      0.00       0.0       0.0                          
    0:00:23   22522.0      0.00       0.0       0.0                          


  Beginning Area-Recovery Phase  (cleanup)
  -----------------------------

                                  TOTAL                                      
   ELAPSED            WORST NEG   SETUP    DESIGN                            
    TIME      AREA      SLACK     COST    RULE COST         ENDPOINT         
  --------- --------- --------- --------- --------- -------------------------
    0:00:23   22522.0      0.00       0.0       0.0                          
    0:00:23   22522.0      0.00       0.0       0.0                          
    0:00:23   22445.6      0.00       0.0       0.0                          
    0:00:24   22431.4      0.00       0.0       0.0                          
    0:00:24   22416.1      0.00       0.0       0.0                          
    0:00:24   22405.5      0.00       0.0       0.0                          
    0:00:24   22402.0      0.00       0.0       0.0                          
    0:00:24   22402.0      0.00       0.0       0.0                          
    0:00:24   22402.0      0.00       0.0       0.0                          
    0:00:24   22402.0      0.00       0.0       0.0                          
    0:00:24   22402.0      0.00       0.0       0.0                          
    0:00:24   22402.0      0.00       0.0       0.0                          
    0:00:24   22402.0      0.00       0.0       0.0                          
    0:00:24   22402.0      0.00       0.0       0.0                          
    0:00:24   22419.7      0.00       0.0       0.0                          
Loading db file '/home/IC/tsmc_fb_cl013g_sc/aci/sc-m/synopsys/scmetro_tsmc_cl013g_rvt_ss_1p08v_125c.db'
Loading db file '/home/IC/tsmc_fb_cl013g_sc/aci/sc-m/synopsys/scmetro_tsmc_cl013g_rvt_tt_1p2v_25c.db'
Loading db file '/home/IC/tsmc_fb_cl013g_sc/aci/sc-m/synopsys/scmetro_tsmc_cl013g_rvt_ff_1p32v_m40c.db'


Note: Symbol # after min delay cost means estimated hold TNS across all active scenarios 


  Optimization Complete
  ---------------------
1
##################### Close Formality Setup file ###########################
set_svf -off
1
#############################################################################
# Write out files
#############################################################################
write_file -format verilog -hierarchy -output netlists/$top_module.ddc
Writing verilog file '/home/IC/FINAL_PROJECT/syn/netlists/SYS_TOP.ddc'.
Warning: Verilog 'assign' or 'tran' statements are written out. (VO-4)
Warning: Verilog writer has added 4 nets to module SYS_TOP using SYNOPSYS_UNCONNECTED_ as prefix.  Please use the change_names command to make the correct changes before invoking the verilog writer.  (VO-11)
1
write_file -format verilog -hierarchy -output netlists/$top_module.v
Writing verilog file '/home/IC/FINAL_PROJECT/syn/netlists/SYS_TOP.v'.
Warning: Verilog 'assign' or 'tran' statements are written out. (VO-4)
Warning: Verilog writer has added 4 nets to module SYS_TOP using SYNOPSYS_UNCONNECTED_ as prefix.  Please use the change_names command to make the correct changes before invoking the verilog writer.  (VO-11)
1
write_sdf  sdf/$top_module.sdf
Information: Annotated 'cell' delays are assumed to include load delay. (UID-282)
Information: Writing timing information to file '/home/IC/FINAL_PROJECT/syn/sdf/SYS_TOP.sdf'. (WT-3)
Information: Updating design information... (UID-85)
1
write_sdc  -nosplit sdc/$top_module.sdc
1
####################### reporting ##########################################
report_area -hierarchy > reports/area.rpt
report_power -hierarchy > reports/power.rpt
report_timing -delay_type min -max_paths 100 > reports/hold.rpt
report_timing -delay_type max -max_paths 100 > reports/setup.rpt
report_clock -attributes > reports/clocks.rpt
report_constraint -all_violators -nosplit > reports/constraints.rpt
################# starting graphical user interface #######################
#gui_start
#exit
dc_shell> gui_start
dc_shell> Current design is 'SYS_TOP'.
Current design is 'SYS_TOP'.
dc_shell> Loading db file '/opt/Synopsys/Synplify2015/libraries/syn/generic.sdb'
dc_shell> exit

Memory usage for main task 301 Mbytes.
Memory usage for this session 301 Mbytes.
CPU usage for this session 46 seconds ( 0.01 hours ).

Thank you...
