Loading db file '/home/IC/tsmc_fb_cl013g_sc/aci/sc-m/synopsys/scmetro_tsmc_cl013g_rvt_ss_1p08v_125c.db'
Information: Propagating switching activity (low effort zero delay simulation). (PWR-6)
Warning: Design has unannotated primary inputs. (PWR-414)
Warning: Design has unannotated sequential cell outputs. (PWR-415)
 
****************************************
Report : power
        -hier
        -analysis_effort low
Design : SYS_TOP
Version: K-2015.06
Date   : Tue Sep 30 08:46:16 2025
****************************************


Library(s) Used:

    scmetro_tsmc_cl013g_rvt_ss_1p08v_125c (File: /home/IC/tsmc_fb_cl013g_sc/aci/sc-m/synopsys/scmetro_tsmc_cl013g_rvt_ss_1p08v_125c.db)


Operating Conditions: scmetro_tsmc_cl013g_rvt_ss_1p08v_125c   Library: scmetro_tsmc_cl013g_rvt_ss_1p08v_125c
Wire Load Model Mode: top


Global Operating Voltage = 1.08 
Power-specific unit information :
    Voltage Units = 1V
    Capacitance Units = 1.000000pf
    Time Units = 1ns
    Dynamic Power Units = 1mW    (derived from V,C,T units)
    Leakage Power Units = 1pW


--------------------------------------------------------------------------------
                                       Switch   Int      Leak     Total
Hierarchy                              Power    Power    Power    Power    %
--------------------------------------------------------------------------------
SYS_TOP                                6.18e-03    0.201 1.35e+07    0.221 100.0
  U_CLK_GATE (CLK_GATE)                1.51e-03 4.65e-03 3.71e+04 6.20e-03   2.8
  U_ALU (ALU)                             0.000 1.24e-02 4.24e+06 1.66e-02   7.5
    mult_51 (ALU_DW02_mult_0)             0.000    0.000 1.65e+06 1.65e-03   0.7
    add_45 (ALU_DW01_add_0)               0.000    0.000 2.05e+05 2.05e-04   0.1
    sub_48 (ALU_DW01_sub_0)               0.000    0.000 2.48e+05 2.48e-04   0.1
    div_54 (ALU_DW_div_uns_0)             0.000    0.000 1.24e+06 1.24e-03   0.6
  U_RegFile (RegFile)                  1.93e-03 9.96e-02 3.16e+06    0.105  47.4
  U_SYS_CTRL (SYS_CTRL)                   0.000 1.18e-02 5.19e+05 1.24e-02   5.6
  UART (UART_TOP)                      4.07e-04 1.93e-03 2.00e+06 4.34e-03   2.0
    U_UART_RX (UART_RX_DATA_WIDTH8)    2.69e-04 1.82e-03 1.53e+06 3.62e-03   1.6
      U7 (FSM)                         3.02e-05 2.94e-04 3.90e+05 7.14e-04   0.3
      U6 (DATA_SAMPLING)               8.91e-06 2.97e-04 5.05e+05 8.11e-04   0.4
      U5 (PAR_CHECK_DATA_WIDTH8)          0.000 5.66e-05 1.18e+05 1.74e-04   0.1
      U4 (STOP_CHECK)                     0.000 5.66e-05 2.30e+04 7.95e-05   0.0
      U3 (START_CHECK)                    0.000 5.66e-05 2.12e+04 7.78e-05   0.0
      U2 (DESERIALIZER_DATA_WIDTH8)       0.000 4.52e-04 1.17e+05 5.70e-04   0.3
      U1 (EDGE_BIT_COUNTER)            2.77e-05 5.93e-04 3.54e+05 9.75e-04   0.4
    U_UART_TX (UART_TX_DATA_WIDTH8)    1.25e-04 1.01e-04 4.60e+05 6.86e-04   0.3
      U4 (MUX_MUX_WIDTH2)                 0.000 4.75e-06 2.64e+04 3.12e-05   0.0
      U3 (PARITY_CALC_DATA_WIDTH8)        0.000 4.99e-06 1.13e+05 1.18e-04   0.1
      U2 (FSM_tx_MUX_WIDTH2)              0.000 1.99e-05 7.88e+04 9.88e-05   0.0
      U1 (SERIALIZER_DATA_WIDTH8_COUNT3)
                                          0.000 5.98e-05 2.37e+05 2.97e-04   0.1
  Clk_Div_RX_Prescale (ClkDiv_1)       1.92e-04 5.79e-04 5.39e+05 1.31e-03   0.6
    add_50 (ClkDiv_1_DW01_inc_0)          0.000    0.000 8.37e+04 8.37e-05   0.0
  CLKDIV_MUX (CLKDIV_MUX)                 0.000    0.000 4.76e+04 4.76e-05   0.0
  Clk_Div_TX_CONS (ClkDiv_0)           5.42e-05 7.65e-04 4.97e+05 1.32e-03   0.6
    add_50 (ClkDiv_0_DW01_inc_0)       5.11e-06 1.82e-05 8.32e+04 1.07e-04   0.0
  U_PULSE_GEN (PULSE_GEN)                 0.000 9.97e-06 2.32e+04 3.32e-05   0.0
  U_FIFO (ASYNC_FIFO_ADDRES_WIDTH4_DATA_WIDTH8_FIFO_DEPTH8)
                                       1.15e-03 5.82e-02 2.15e+06 6.15e-02  27.9
    BIT_SYNC_W_TO_R (BIT_SYNC_NUM_STAGES2_BUS_WIDTH4_1)
                                          0.000 3.99e-05 7.48e+04 1.15e-04   0.1
    BIT_SYNC_R_TO_W (BIT_SYNC_NUM_STAGES2_BUS_WIDTH4_0)
                                          0.000 5.79e-03 8.23e+04 5.87e-03   2.7
    MEMORY_MODULE (FIFO_MEM_CNTRL_ADDRES_WIDTH4_DATA_WIDTH8_FIFO_DEPTH8)
                                       9.11e-04 4.65e-02 1.53e+06 4.89e-02  22.2
    READ_MODULE (FIFO_RD_ADDRES_WIDTH4)
                                          0.000 3.95e-05 2.29e+05 2.68e-04   0.1
    WRITE_MODULE (FIFO_WR_ADDRES_WIDTH4)
                                          0.000 5.86e-03 2.29e+05 6.08e-03   2.8
  DATA_sync_ref (DATA_SYNC_NUM_STAGES2_DATA_WIDTH8)
                                          0.000 8.68e-03 1.72e+05 8.85e-03   4.0
  UART_RST_SYNC (RST_SYNC_NUM_STAGES2_1)
                                       6.44e-06 2.36e-04 2.40e+04 2.67e-04   0.1
  REF_RST_SYNC (RST_SYNC_NUM_STAGES2_0)
                                       1.30e-05 2.25e-03 2.53e+04 2.29e-03   1.0
1
